Component: ARM Compiler 5.06 (build 20) Tool: armlink [4d35a3]

==============================================================================

Section Cross References

    startup_stm32f40_41xxx.o(RESET) refers to startup_stm32f40_41xxx.o(STACK) for __initial_sp
    startup_stm32f40_41xxx.o(RESET) refers to startup_stm32f40_41xxx.o(.text) for Reset_Handler
    startup_stm32f40_41xxx.o(RESET) refers to stm32f4xx_it.o(i.NMI_Handler) for NMI_Handler
    startup_stm32f40_41xxx.o(RESET) refers to stm32f4xx_it.o(i.HardFault_Handler) for HardFault_Handler
    startup_stm32f40_41xxx.o(RESET) refers to stm32f4xx_it.o(i.MemManage_Handler) for MemManage_Handler
    startup_stm32f40_41xxx.o(RESET) refers to stm32f4xx_it.o(i.BusFault_Handler) for BusFault_Handler
    startup_stm32f40_41xxx.o(RESET) refers to stm32f4xx_it.o(i.UsageFault_Handler) for UsageFault_Handler
    startup_stm32f40_41xxx.o(RESET) refers to stm32f4xx_it.o(i.SVC_Handler) for SVC_Handler
    startup_stm32f40_41xxx.o(RESET) refers to stm32f4xx_it.o(i.DebugMon_Handler) for DebugMon_Handler
    startup_stm32f40_41xxx.o(RESET) refers to os_cpu_a.o(CODE) for OS_CPU_PendSVHandler
    startup_stm32f40_41xxx.o(RESET) refers to os_cpu_c.o(i.OS_CPU_SysTickHandler) for OS_CPU_SysTickHandler
    startup_stm32f40_41xxx.o(RESET) refers to stm32f4xx_it.o(i.DMA1_Stream2_IRQHandler) for DMA1_Stream2_IRQHandler
    startup_stm32f40_41xxx.o(RESET) refers to stm32f4xx_it.o(i.CAN1_RX0_IRQHandler) for CAN1_RX0_IRQHandler
    startup_stm32f40_41xxx.o(RESET) refers to stm32f4xx_it.o(i.EXTI9_5_IRQHandler) for EXTI9_5_IRQHandler
    startup_stm32f40_41xxx.o(RESET) refers to stm32f4xx_it.o(i.TIM1_CC_IRQHandler) for TIM1_CC_IRQHandler
    startup_stm32f40_41xxx.o(RESET) refers to stm32f4xx_it.o(i.TIM2_IRQHandler) for TIM2_IRQHandler
    startup_stm32f40_41xxx.o(RESET) refers to stm32f4xx_it.o(i.TIM3_IRQHandler) for TIM3_IRQHandler
    startup_stm32f40_41xxx.o(RESET) refers to stm32f4xx_it.o(i.TIM4_IRQHandler) for TIM4_IRQHandler
    startup_stm32f40_41xxx.o(RESET) refers to stm32f4xx_it.o(i.USART2_IRQHandler) for USART2_IRQHandler
    startup_stm32f40_41xxx.o(RESET) refers to stm32f4xx_it.o(i.USART3_IRQHandler) for USART3_IRQHandler
    startup_stm32f40_41xxx.o(RESET) refers to stm32f4xx_it.o(i.EXTI15_10_IRQHandler) for EXTI15_10_IRQHandler
    startup_stm32f40_41xxx.o(RESET) refers to stm32f4xx_it.o(i.SDIO_IRQHandler) for SDIO_IRQHandler
    startup_stm32f40_41xxx.o(RESET) refers to stm32f4xx_it.o(i.UART4_IRQHandler) for UART4_IRQHandler
    startup_stm32f40_41xxx.o(RESET) refers to stm32f4xx_it.o(i.DMA2_Stream3_IRQHandler) for DMA2_Stream3_IRQHandler
    startup_stm32f40_41xxx.o(.text) refers to system_stm32f4xx.o(i.SystemInit) for SystemInit
    startup_stm32f40_41xxx.o(.text) refers to entry.o(.ARM.Collect$$$$00000000) for __main
    system_stm32f4xx.o(i.SystemCoreClockUpdate) refers to system_stm32f4xx.o(.data) for SystemCoreClock
    system_stm32f4xx.o(i.SystemInit) refers to system_stm32f4xx.o(i.SetSysClock) for SetSysClock
    stm32f4xx_adc.o(i.ADC_DeInit) refers to stm32f4xx_rcc.o(i.RCC_APB2PeriphResetCmd) for RCC_APB2PeriphResetCmd
    stm32f4xx_gpio.o(i.GPIO_DeInit) refers to stm32f4xx_rcc.o(i.RCC_AHB1PeriphResetCmd) for RCC_AHB1PeriphResetCmd
    stm32f4xx_rcc.o(i.RCC_GetClocksFreq) refers to stm32f4xx_rcc.o(.data) for APBAHBPrescTable
    stm32f4xx_rcc.o(i.RCC_WaitForHSEStartUp) refers to stm32f4xx_rcc.o(i.RCC_GetFlagStatus) for RCC_GetFlagStatus
    stm32f4xx_sdio.o(i.SDIO_DeInit) refers to stm32f4xx_rcc.o(i.RCC_APB2PeriphResetCmd) for RCC_APB2PeriphResetCmd
    stm32f4xx_spi.o(i.SPI_I2S_DeInit) refers to stm32f4xx_rcc.o(i.RCC_APB2PeriphResetCmd) for RCC_APB2PeriphResetCmd
    stm32f4xx_spi.o(i.SPI_I2S_DeInit) refers to stm32f4xx_rcc.o(i.RCC_APB1PeriphResetCmd) for RCC_APB1PeriphResetCmd
    stm32f4xx_syscfg.o(i.SYSCFG_DeInit) refers to stm32f4xx_rcc.o(i.RCC_APB2PeriphResetCmd) for RCC_APB2PeriphResetCmd
    stm32f4xx_tim.o(i.TIM_DeInit) refers to stm32f4xx_rcc.o(i.RCC_APB2PeriphResetCmd) for RCC_APB2PeriphResetCmd
    stm32f4xx_tim.o(i.TIM_DeInit) refers to stm32f4xx_rcc.o(i.RCC_APB1PeriphResetCmd) for RCC_APB1PeriphResetCmd
    stm32f4xx_tim.o(i.TIM_ETRClockMode1Config) refers to stm32f4xx_tim.o(i.TIM_ETRConfig) for TIM_ETRConfig
    stm32f4xx_tim.o(i.TIM_ETRClockMode2Config) refers to stm32f4xx_tim.o(i.TIM_ETRConfig) for TIM_ETRConfig
    stm32f4xx_tim.o(i.TIM_ICInit) refers to stm32f4xx_tim.o(i.TI1_Config) for TI1_Config
    stm32f4xx_tim.o(i.TIM_ICInit) refers to stm32f4xx_tim.o(i.TIM_SetIC1Prescaler) for TIM_SetIC1Prescaler
    stm32f4xx_tim.o(i.TIM_ICInit) refers to stm32f4xx_tim.o(i.TI2_Config) for TI2_Config
    stm32f4xx_tim.o(i.TIM_ICInit) refers to stm32f4xx_tim.o(i.TIM_SetIC2Prescaler) for TIM_SetIC2Prescaler
    stm32f4xx_tim.o(i.TIM_ICInit) refers to stm32f4xx_tim.o(i.TI3_Config) for TI3_Config
    stm32f4xx_tim.o(i.TIM_ICInit) refers to stm32f4xx_tim.o(i.TIM_SetIC3Prescaler) for TIM_SetIC3Prescaler
[...]
    DMA2_Stream3_IRQHandler                  0x08001749   Thumb Code    54  stm32f4xx_it.o(i.DMA2_Stream3_IRQHandler)
    DMA_ClearFlag                            0x08001781   Thumb Code    38  stm32f4xx_dma.o(i.DMA_ClearFlag)
    DMA_ClearITPendingBit                    0x080017b5   Thumb Code    38  stm32f4xx_dma.o(i.DMA_ClearITPendingBit)
    DMA_Cmd                                  0x080017e9   Thumb Code    22  stm32f4xx_dma.o(i.DMA_Cmd)
    DMA_DeInit                               0x08001801   Thumb Code   324  stm32f4xx_dma.o(i.DMA_DeInit)
    DMA_FlowControllerConfig                 0x08001959   Thumb Code    22  stm32f4xx_dma.o(i.DMA_FlowControllerConfig)
    DMA_GetITStatus                          0x08001971   Thumb Code    82  stm32f4xx_dma.o(i.DMA_GetITStatus)
    DMA_ITConfig                             0x080019d5   Thumb Code    58  stm32f4xx_dma.o(i.DMA_ITConfig)
    DMA_Init                                 0x08001a11   Thumb Code    82  stm32f4xx_dma.o(i.DMA_Init)
    DebugMon_Handler                         0x08001a69   Thumb Code     2  stm32f4xx_it.o(i.DebugMon_Handler)
    EXTI15_10_IRQHandler                     0x08001a6b   Thumb Code    22  stm32f4xx_it.o(i.EXTI15_10_IRQHandler)
    EXTI9_5_IRQHandler                       0x08001a81   Thumb Code    36  stm32f4xx_it.o(i.EXTI9_5_IRQHandler)
    EXTI_ClearITPendingBit                   0x08001aa5   Thumb Code     6  stm32f4xx_exti.o(i.EXTI_ClearITPendingBit)
    EXTI_GetITStatus                         0x08001ab1   Thumb Code    20  stm32f4xx_exti.o(i.EXTI_GetITStatus)
    GPIO_Init                                0x08001c5d   Thumb Code   144  stm32f4xx_gpio.o(i.GPIO_Init)
    GPIO_PinAFConfig                         0x08001ced   Thumb Code    70  stm32f4xx_gpio.o(i.GPIO_PinAFConfig)
    HardFault_Handler                        0x08001d33   Thumb Code     4  stm32f4xx_it.o(i.HardFault_Handler)
    MemManage_Handler                        0x08001d37   Thumb Code     4  stm32f4xx_it.o(i.MemManage_Handler)
    Mem_Clr                                  0x08001d3b   Thumb Code    18  lib_mem.o(i.Mem_Clr)
    Mem_Set                                  0x08001d4d   Thumb Code    84  lib_mem.o(i.Mem_Set)
    NMI_Handler                              0x08001da1   Thumb Code     2  stm32f4xx_it.o(i.NMI_Handler)
    NVIC_Init                                0x08001da5   Thumb Code   106  misc.o(i.NVIC_Init)
    NVIC_PriorityGroupConfig                 0x08001e1d   Thumb Code    10  misc.o(i.NVIC_PriorityGroupConfig)
    OSCfg_Init                               0x08001e31   Thumb Code     2  os_cfg_app.o(i.OSCfg_Init)
    OSIdleTaskHook                           0x08001e35   Thumb Code    16  os_cpu_c.o(i.OSIdleTaskHook)
    OSInit                                   0x08001e49   Thumb Code   258  os_core.o(i.OSInit)
    OSInitHook                               0x08001f95   Thumb Code    28  os_cpu_c.o(i.OSInitHook)
    OSIntEnter                               0x08001fbd   Thumb Code    34  os_core.o(i.OSIntEnter)
    OSIntExit                                0x08001fe9   Thumb Code   188  os_core.o(i.OSIntExit)
    OSMemCreate                              0x080020c5   Thumb Code   146  os_mem.o(i.OSMemCreate)
    OSMemGet                                 0x08002161   Thumb Code   100  os_mem.o(i.OSMemGet)
    OSMemPut                                 0x080021c5   Thumb Code   104  os_mem.o(i.OSMemPut)
    OSMutexCreate                            0x0800222d   Thumb Code    98  os_mutex.o(i.OSMutexCreate)
    OSMutexPend                              0x08002299   Thumb Code   480  os_mutex.o(i.OSMutexPend)
    OSMutexPost                              0x08002485   Thumb Code   366  os_mutex.o(i.OSMutexPost)
    OSSched                                  0x08002601   Thumb Code   134  os_core.o(i.OSSched)
    OSSchedLock                              0x080026a5   Thumb Code    92  os_core.o(i.OSSchedLock)
    OSSchedUnlock                            0x08002709   Thumb Code   128  os_core.o(i.OSSchedUnlock)
    OSSemCreate                              0x08002791   Thumb Code    96  os_sem.o(i.OSSemCreate)
    OSSemPend                                0x080027f9   Thumb Code   378  os_sem.o(i.OSSemPend)
    OSSemPost                                0x08002981   Thumb Code    54  os_sem.o(i.OSSemPost)
    OSStart                                  0x080029bd   Thumb Code    78  os_core.o(i.OSStart)
    OSStatReset                              0x08002a25   Thumb Code   294  os_stat.o(i.OSStatReset)
    OSStatTaskCPUUsageInit                   0x08002b6d   Thumb Code   228  os_stat.o(i.OSStatTaskCPUUsageInit)
    OSStatTaskHook                           0x08002c6d   Thumb Code    16  os_cpu_c.o(i.OSStatTaskHook)
    OSTaskChangePrio                         0x08002c81   Thumb Code   156  os_task.o(i.OSTaskChangePrio)
    OSTaskCreate                             0x08002d21   Thumb Code   312  os_task.o(i.OSTaskCreate)
    OSTaskCreateHook                         0x08002e65   Thumb Code    20  os_cpu_c.o(i.OSTaskCreateHook)
    OSTaskQPend                              0x08002e7d   Thumb Code   430  os_task.o(i.OSTaskQPend)
    OSTaskQPost                              0x08003035   Thumb Code    42  os_task.o(i.OSTaskQPost)
    OSTaskResume                             0x0800305f   Thumb Code    54  os_task.o(i.OSTaskResume)
    OSTaskReturnHook                         0x08003095   Thumb Code    20  os_cpu_c.o(i.OSTaskReturnHook)
    OSTaskSemPend                            0x080030ad   Thumb Code   448  os_task.o(i.OSTaskSemPend)
    OSTaskSemPost                            0x08003275   Thumb Code    36  os_task.o(i.OSTaskSemPost)
    OSTaskStkChk                             0x08003299   Thumb Code   184  os_task.o(i.OSTaskStkChk)
    OSTaskStkInit                            0x08003355   Thumb Code   204  os_cpu_c.o(i.OSTaskStkInit)
    OSTaskSuspend                            0x08003425   Thumb Code    32  os_task.o(i.OSTaskSuspend)
    OSTaskSwHook                             0x08003449   Thumb Code   160  os_cpu_c.o(i.OSTaskSwHook)
    OSTimeDly                                0x080034f5   Thumb Code   168  os_time.o(i.OSTimeDly)
    OSTimeDlyHMSM                            0x080035a5   Thumb Code   262  os_time.o(i.OSTimeDlyHMSM)
    OSTimeTick                               0x080036b9   Thumb Code    50  os_time.o(i.OSTimeTick)
    OSTimeTickHook                           0x080036fd   Thumb Code    16  os_cpu_c.o(i.OSTimeTickHook)
    OS_CPU_SysTickHandler                    0x08003711   Thumb Code    60  os_cpu_c.o(i.OS_CPU_SysTickHandler)
    OS_CPU_SysTickInit                       0x08003751   Thumb Code    44  os_cpu_c.o(i.OS_CPU_SysTickInit)
    OS_Dbg_Init                              0x08003781   Thumb Code   146  os_dbg.o(i.OS_Dbg_Init)
    OS_FlagInit                              0x08003929   Thumb Code    14  os_flag.o(i.OS_FlagInit)
    OS_IdleTask                              0x08003941   Thumb Code    66  os_core.o(i.OS_IdleTask)
    OS_IdleTaskInit                          0x0800398d   Thumb Code    66  os_core.o(i.OS_IdleTaskInit)
    OS_MemDbgListAdd                         0x080039fd   Thumb Code    34  os_mem.o(i.OS_MemDbgListAdd)
    OS_MemInit                               0x08003a25   Thumb Code    14  os_mem.o(i.OS_MemInit)
    OS_MsgPoolInit                           0x08003a3d   Thumb Code    80  os_msg.o(i.OS_MsgPoolInit)
    OS_MsgQGet                               0x08003a99   Thumb Code    98  os_msg.o(i.OS_MsgQGet)
    OS_MsgQInit                              0x08003b01   Thumb Code    14  os_msg.o(i.OS_MsgQInit)
    OS_MsgQPut                               0x08003b11   Thumb Code   254  os_msg.o(i.OS_MsgQPut)
    OS_MutexDbgListAdd                       0x08003c15   Thumb Code    38  os_mutex.o(i.OS_MutexDbgListAdd)
    OS_MutexGrpAdd                           0x08003c45   Thumb Code     8  os_mutex.o(i.OS_MutexGrpAdd)
    OS_MutexGrpPrioFindHighest               0x08003c4d   Thumb Code    44  os_mutex.o(i.OS_MutexGrpPrioFindHighest)
    OS_MutexGrpRemove                        0x08003c79   Thumb Code    28  os_mutex.o(i.OS_MutexGrpRemove)
    OS_MutexInit                             0x08003c95   Thumb Code    14  os_mutex.o(i.OS_MutexInit)
    OS_Pend                                  0x08003cad   Thumb Code   100  os_core.o(i.OS_Pend)
    OS_PendDataInit                          0x08003d15   Thumb Code    40  os_core.o(i.OS_PendDataInit)
    OS_PendDbgNameAdd                        0x08003d3d   Thumb Code    66  os_core.o(i.OS_PendDbgNameAdd)
    OS_PendDbgNameRemove                     0x08003d99   Thumb Code    30  os_core.o(i.OS_PendDbgNameRemove)
    OS_PendListChangePrio                    0x08003dbd   Thumb Code    58  os_core.o(i.OS_PendListChangePrio)
    OS_PendListInit                          0x08003df7   Thumb Code    10  os_core.o(i.OS_PendListInit)
    OS_PendListInsertPrio                    0x08003e01   Thumb Code   102  os_core.o(i.OS_PendListInsertPrio)
    OS_PendListRemove                        0x08003e67   Thumb Code    52  os_core.o(i.OS_PendListRemove)
    OS_PendListRemove1                       0x08003e9b   Thumb Code    66  os_core.o(i.OS_PendListRemove1)
    OS_Post                                  0x08003edd   Thumb Code   214  os_core.o(i.OS_Post)
    OS_Post1                                 0x08003fb3   Thumb Code    44  os_core.o(i.OS_Post1)
    OS_PrioGetHighest                        0x08003fe1   Thumb Code    36  os_prio.o(i.OS_PrioGetHighest)
    OS_PrioInit                              0x08004009   Thumb Code    20  os_prio.o(i.OS_PrioInit)
    OS_PrioInsert                            0x08004021   Thumb Code    32  os_prio.o(i.OS_PrioInsert)
    OS_PrioRemove                            0x08004045   Thumb Code    32  os_prio.o(i.OS_PrioRemove)
    OS_QInit                                 0x08004069   Thumb Code    14  os_q.o(i.OS_QInit)
    OS_RdyListInit                           0x08004081   Thumb Code    32  os_core.o(i.OS_RdyListInit)
    OS_RdyListInsert                         0x080040a5   Thumb Code    40  os_core.o(i.OS_RdyListInsert)
    OS_RdyListInsertHead                     0x080040d1   Thumb Code    58  os_core.o(i.OS_RdyListInsertHead)
    OS_RdyListInsertTail                     0x08004111   Thumb Code    56  os_core.o(i.OS_RdyListInsertTail)
    OS_RdyListRemove                         0x0800414d   Thumb Code    86  os_core.o(i.OS_RdyListRemove)
    OS_SemDbgListAdd                         0x080041a9   Thumb Code    38  os_sem.o(i.OS_SemDbgListAdd)
    OS_SemInit                               0x080041d9   Thumb Code    14  os_sem.o(i.OS_SemInit)
    OS_SemPost                               0x080041f1   Thumb Code   318  os_sem.o(i.OS_SemPost)
    OS_StatTask                              0x08004331   Thumb Code   738  os_stat.o(i.OS_StatTask)
    OS_StatTaskInit                          0x08004655   Thumb Code   136  os_stat.o(i.OS_StatTaskInit)
    OS_TaskBlock                             0x08004721   Thumb Code    40  os_core.o(i.OS_TaskBlock)
    OS_TaskChangePrio                        0x0800474d   Thumb Code   232  os_task.o(i.OS_TaskChangePrio)
    OS_TaskDbgListAdd                        0x08004839   Thumb Code    42  os_task.o(i.OS_TaskDbgListAdd)
    OS_TaskInit                              0x08004869   Thumb Code    18  os_task.o(i.OS_TaskInit)
    OS_TaskInitTCB                           0x08004889   Thumb Code   182  os_task.o(i.OS_TaskInitTCB)
    OS_TaskQPost                             0x0800494d   Thumb Code   240  os_task.o(i.OS_TaskQPost)
    OS_TaskResume                            0x08004a41   Thumb Code   284  os_task.o(i.OS_TaskResume)
    OS_TaskReturn                            0x08004b5d   Thumb Code    26  os_task.o(i.OS_TaskReturn)
    OS_TaskSemPost                           0x08004b81   Thumb Code   492  os_task.o(i.OS_TaskSemPost)
    OS_TaskSuspend                           0x08004d71   Thumb Code   304  os_task.o(i.OS_TaskSuspend)
    OS_TickListInsert                        0x08004ea9   Thumb Code   134  os_tick.o(i.OS_TickListInsert)
    OS_TickListInsertDly                     0x08004f31   Thumb Code   180  os_tick.o(i.OS_TickListInsertDly)
    OS_TickListRemove                        0x08004fed   Thumb Code    88  os_tick.o(i.OS_TickListRemove)
    OS_TickTask                              0x08005201   Thumb Code    98  os_tick.o(i.OS_TickTask)
    OS_TickTaskInit                          0x0800526d   Thumb Code   140  os_tick.o(i.OS_TickTaskInit)
    OS_TmrInit                               0x08005335   Thumb Code   200  os_tmr.o(i.OS_TmrInit)
    OS_TmrTask                               0x08005481   Thumb Code   134  os_tmr.o(i.OS_TmrTask)
    OS_TmrUnlink                             0x08005515   Thumb Code    58  os_tmr.o(i.OS_TmrUnlink)
    RCC_AHB1PeriphClockCmd                   0x0800556d   Thumb Code    26  stm32f4xx_rcc.o(i.RCC_AHB1PeriphClockCmd)
    RCC_APB1PeriphClockCmd                   0x0800558d   Thumb Code    26  stm32f4xx_rcc.o(i.RCC_APB1PeriphClockCmd)
    RCC_APB1PeriphResetCmd                   0x080055ad   Thumb Code    26  stm32f4xx_rcc.o(i.RCC_APB1PeriphResetCmd)
    RCC_APB2PeriphClockCmd                   0x080055cd   Thumb Code    26  stm32f4xx_rcc.o(i.RCC_APB2PeriphClockCmd)
    RCC_APB2PeriphResetCmd                   0x080055ed   Thumb Code    26  stm32f4xx_rcc.o(i.RCC_APB2PeriphResetCmd)
    RCC_GetClocksFreq                        0x0800560d   Thumb Code   214  stm32f4xx_rcc.o(i.RCC_GetClocksFreq)
    SDIO_ClearFlag                           0x080056f5   Thumb Code     6  stm32f4xx_sdio.o(i.SDIO_ClearFlag)
    SDIO_ClearITPendingBit                   0x08005701   Thumb Code     6  stm32f4xx_sdio.o(i.SDIO_ClearITPendingBit)
    SDIO_ClockCmd                            0x0800570d   Thumb Code     6  stm32f4xx_sdio.o(i.SDIO_ClockCmd)
    SDIO_DMACmd                              0x08005719   Thumb Code     6  stm32f4xx_sdio.o(i.SDIO_DMACmd)
    SDIO_DataConfig                          0x08005725   Thumb Code    46  stm32f4xx_sdio.o(i.SDIO_DataConfig)
    SDIO_DeInit                              0x08005759   Thumb Code    22  stm32f4xx_sdio.o(i.SDIO_DeInit)
    SDIO_GetCommandResponse                  0x08005771   Thumb Code     8  stm32f4xx_sdio.o(i.SDIO_GetCommandResponse)
    SDIO_GetFlagStatus                       0x0800577d   Thumb Code    20  stm32f4xx_sdio.o(i.SDIO_GetFlagStatus)
    SDIO_GetITStatus                         0x08005795   Thumb Code    20  stm32f4xx_sdio.o(i.SDIO_GetITStatus)
    SDIO_GetPowerState                       0x080057ad   Thumb Code    10  stm32f4xx_sdio.o(i.SDIO_GetPowerState)
    SDIO_GetResponse                         0x080057bd   Thumb Code    20  stm32f4xx_sdio.o(i.SDIO_GetResponse)
    SDIO_IRQHandler                          0x080057d5   Thumb Code    54  stm32f4xx_it.o(i.SDIO_IRQHandler)
    SDIO_ITConfig                            0x0800580d   Thumb Code    26  stm32f4xx_sdio.o(i.SDIO_ITConfig)
    SDIO_Init                                0x0800582d   Thumb Code    42  stm32f4xx_sdio.o(i.SDIO_Init)
    SDIO_ReadData                            0x0800585d   Thumb Code     6  stm32f4xx_sdio.o(i.SDIO_ReadData)
    SDIO_SendCommand                         0x08005869   Thumb Code    40  stm32f4xx_sdio.o(i.SDIO_SendCommand)
    SDIO_SetPowerState                       0x08005895   Thumb Code     6  stm32f4xx_sdio.o(i.SDIO_SetPowerState)
    SD_Detect                                0x080058a1   Thumb Code     8  sdio_tf.o(i.SD_Detect)
    SD_GetState                              0x080058a9   Thumb Code    38  sdio_tf.o(i.SD_GetState)
    SD_GetStatus                             0x080058cf   Thumb Code    30  sdio_tf.o(i.SD_GetStatus)
    SD_InitializeCards                       0x080058ed   Thumb Code   294  sdio_tf.o(i.SD_InitializeCards)
    SD_LowLevel_DMA_RxConfig                 0x08005a29   Thumb Code   132  sdio_tf.o(i.SD_LowLevel_DMA_RxConfig)
    SD_LowLevel_DMA_TxConfig                 0x08005ab5   Thumb Code   134  sdio_tf.o(i.SD_LowLevel_DMA_TxConfig)
    SD_ProcessDMAIRQ                         0x08005b45   Thumb Code    62  sdio_tf.o(i.SD_ProcessDMAIRQ)
    SD_ProcessIRQSrc                         0x08005b99   Thumb Code   162  sdio_tf.o(i.SD_ProcessIRQSrc)
    SD_ReadBlock                             0x08005c45   Thumb Code   210  sdio_tf.o(i.SD_ReadBlock)
    SD_ReadMultiBlocks                       0x08005d35   Thumb Code   220  sdio_tf.o(i.SD_ReadMultiBlocks)
    SD_SendStatus                            0x08005e2d   Thumb Code    74  sdio_tf.o(i.SD_SendStatus)
    SD_StopTransfer                          0x08005e81   Thumb Code    46  sdio_tf.o(i.SD_StopTransfer)
    SD_WaitReadOperation                     0x08005eb5   Thumb Code   124  sdio_tf.o(i.SD_WaitReadOperation)
    SD_WaitWriteOperation                    0x08005f49   Thumb Code   124  sdio_tf.o(i.SD_WaitWriteOperation)
    SD_WriteBlock                            0x08005fdd   Thumb Code   208  sdio_tf.o(i.SD_WriteBlock)
    SD_WriteMultiBlocks                      0x080060c9   Thumb Code   312  sdio_tf.o(i.SD_WriteMultiBlocks)
    SD_enableWideBusOperation                0x08006221   Thumb Code   136  sdio_tf.o(i.SD_enableWideBusOperation)
    SD_getCardInfo                           0x080062b1   Thumb Code   780  sdio_tf.o(i.SD_getCardInfo)
    SD_powerOn                               0x080065cd   Thumb Code   420  sdio_tf.o(i.SD_powerOn)
    SD_selectDeselect                        0x080067a1   Thumb Code    50  sdio_tf.o(i.SD_selectDeselect)
    SPI_Cmd                                  0x080067d9   Thumb Code    24  stm32f4xx_spi.o(i.SPI_Cmd)
    SPI_I2S_GetFlagStatus                    0x080067f1   Thumb Code    18  stm32f4xx_spi.o(i.SPI_I2S_GetFlagStatus)
    SPI_I2S_ReceiveData                      0x08006803   Thumb Code     6  stm32f4xx_spi.o(i.SPI_I2S_ReceiveData)
    SPI_I2S_SendData                         0x08006809   Thumb Code     4  stm32f4xx_spi.o(i.SPI_I2S_SendData)
    SPI_Init                                 0x0800680d   Thumb Code    60  stm32f4xx_spi.o(i.SPI_Init)
    SVC_Handler                              0x08006849   Thumb Code     2  stm32f4xx_it.o(i.SVC_Handler)
    SystemInit                               0x08006939   Thumb Code    88  system_stm32f4xx.o(i.SystemInit)
    TIM1_CC_IRQHandler                       0x08006ac5   Thumb Code    24  stm32f4xx_it.o(i.TIM1_CC_IRQHandler)
    TIM2_IRQHandler                          0x08006ae1   Thumb Code    24  stm32f4xx_it.o(i.TIM2_IRQHandler)
    TIM3_IRQHandler                          0x08006af9   Thumb Code    82  stm32f4xx_it.o(i.TIM3_IRQHandler)
    TIM4_IRQHandler                          0x08006b5d   Thumb Code   208  stm32f4xx_it.o(i.TIM4_IRQHandler)
    TIM_ARRPreloadConfig                     0x08006c45   Thumb Code    24  stm32f4xx_tim.o(i.TIM_ARRPreloadConfig)
    TIM_ClearITPendingBit                    0x08006c5d   Thumb Code     6  stm32f4xx_tim.o(i.TIM_ClearITPendingBit)
    TIM_Cmd                                  0x08006c63   Thumb Code    24  stm32f4xx_tim.o(i.TIM_Cmd)
    TIM_GetCapture4                          0x08006c7b   Thumb Code     6  stm32f4xx_tim.o(i.TIM_GetCapture4)
    TIM_GetITStatus                          0x08006c81   Thumb Code    34  stm32f4xx_tim.o(i.TIM_GetITStatus)
    TIM_ICInit                               0x08006ca3   Thumb Code   110  stm32f4xx_tim.o(i.TIM_ICInit)
    TIM_ITConfig                             0x08006d11   Thumb Code    18  stm32f4xx_tim.o(i.TIM_ITConfig)
    TIM_OC1Init                              0x08006d25   Thumb Code   114  stm32f4xx_tim.o(i.TIM_OC1Init)
    TIM_OC1PreloadConfig                     0x08006da1   Thumb Code    18  stm32f4xx_tim.o(i.TIM_OC1PreloadConfig)
    TIM_OC2Init                              0x08006db5   Thumb Code   154  stm32f4xx_tim.o(i.TIM_OC2Init)
    TIM_OC3Init                              0x08006e59   Thumb Code   150  stm32f4xx_tim.o(i.TIM_OC3Init)
    TIM_OC4Init                              0x08006ef9   Thumb Code   112  stm32f4xx_tim.o(i.TIM_OC4Init)
    TIM_SetCompare1                          0x08006f71   Thumb Code     4  stm32f4xx_tim.o(i.TIM_SetCompare1)
    TIM_SetCompare2                          0x08006f75   Thumb Code     4  stm32f4xx_tim.o(i.TIM_SetCompare2)
    TIM_SetCompare3                          0x08006f79   Thumb Code     4  stm32f4xx_tim.o(i.TIM_SetCompare3)
    TIM_SetCompare4                          0x08006f7d   Thumb Code     4  stm32f4xx_tim.o(i.TIM_SetCompare4)
    TIM_SetIC1Prescaler                      0x08006f81   Thumb Code    18  stm32f4xx_tim.o(i.TIM_SetIC1Prescaler)
    TIM_SetIC2Prescaler                      0x08006f93   Thumb Code    26  stm32f4xx_tim.o(i.TIM_SetIC2Prescaler)
    TIM_SetIC3Prescaler                      0x08006fad   Thumb Code    18  stm32f4xx_tim.o(i.TIM_SetIC3Prescaler)
    TIM_SetIC4Prescaler                      0x08006fbf   Thumb Code    26  stm32f4xx_tim.o(i.TIM_SetIC4Prescaler)
    TIM_TimeBaseInit                         0x08006fd9   Thumb Code   104  stm32f4xx_tim.o(i.TIM_TimeBaseInit)
    UART4_IRQHandler                         0x0800705d   Thumb Code   572  stm32f4xx_it.o(i.UART4_IRQHandler)
    USART2_IRQHandler                        0x080072bd   Thumb Code   274  stm32f4xx_it.o(i.USART2_IRQHandler)
    USART3_IRQHandler                        0x080073ed   Thumb Code   244  stm32f4xx_it.o(i.USART3_IRQHandler)
    USART_ClearITPendingBit                  0x08007505   Thumb Code    30  stm32f4xx_usart.o(i.USART_ClearITPendingBit)
    USART_Cmd                                0x08007523   Thumb Code    24  stm32f4xx_usart.o(i.USART_Cmd)
    USART_DMACmd                             0x0800753b   Thumb Code    18  stm32f4xx_usart.o(i.USART_DMACmd)
    USART_GetFlagStatus                      0x0800754d   Thumb Code    26  stm32f4xx_usart.o(i.USART_GetFlagStatus)
    USART_GetITStatus                        0x08007567   Thumb Code    84  stm32f4xx_usart.o(i.USART_GetITStatus)
    USART_ITConfig                           0x080075bb   Thumb Code    74  stm32f4xx_usart.o(i.USART_ITConfig)
    USART_Init                               0x08007605   Thumb Code   204  stm32f4xx_usart.o(i.USART_Init)
    USART_ReceiveData                        0x080076d9   Thumb Code    10  stm32f4xx_usart.o(i.USART_ReceiveData)
    USART_SendData                           0x080076e3   Thumb Code     8  stm32f4xx_usart.o(i.USART_SendData)
    UsageFault_Handler                       0x080076eb   Thumb Code     4  stm32f4xx_it.o(i.UsageFault_Handler)
    __0printf                                0x080076f1   Thumb Code    22  printfa.o(i.__0printf)
    __1printf                                0x080076f1   Thumb Code     0  printfa.o(i.__0printf)
    __2printf                                0x080076f1   Thumb Code     0  printfa.o(i.__0printf)
    __c89printf                              0x080076f1   Thumb Code     0  printfa.o(i.__0printf)
    printf                                   0x080076f1   Thumb Code     0  printfa.o(i.__0printf)
    __0sprintf                               0x08007711   Thumb Code    34  printfa.o(i.__0sprintf)
    __1sprintf                               0x08007711   Thumb Code     0  printfa.o(i.__0sprintf)
    __2sprintf                               0x08007711   Thumb Code     0  printfa.o(i.__0sprintf)
    __c89sprintf                             0x08007711   Thumb Code     0  printfa.o(i.__0sprintf)
    sprintf                                  0x08007711   Thumb Code     0  printfa.o(i.__0sprintf)
    __scatterload_copy                       0x08007739   Thumb Code    14  handlers.o(i.__scatterload_copy)
    __scatterload_null                       0x08007747   Thumb Code     2  handlers.o(i.__scatterload_null)
    __scatterload_zeroinit                   0x08007749   Thumb Code    14  handlers.o(i.__scatterload_zeroinit)
    appBlackBox                              0x08007ff5   Thumb Code  1134  apppresent.o(i.appBlackBox)
    appBuzzer                                0x08008465   Thumb Code   198  apppresent.o(i.appBuzzer)
    appCmdHander                             0x08008531   Thumb Code  1272  appcommunicate.o(i.appCmdHander)
    appMainCycle                             0x08008a3d   Thumb Code  2018  appcontroller.o(i.appMainCycle)
    appPositionCtl                           0x08009239   Thumb Code    18  appcontroller.o(i.appPositionCtl)
    appSendBluetooth                         0x0800924d   Thumb Code  2400  appcommunicate.o(i.appSendBluetooth)
    appTaskStart                             0x08009bc9   Thumb Code   740  app.o(i.appTaskStart)
    appWatchDog                              0x08009fed   Thumb Code   160  app.o(i.appWatchDog)
    at25320_WRDI                             0x0800a09d   Thumb Code    30  at25320.o(i.at25320_WRDI)
    at25320_WREN                             0x0800a0c5   Thumb Code    30  at25320.o(i.at25320_WREN)
    at25320_readBuffer                       0x0800a0ed   Thumb Code    76  at25320.o(i.at25320_readBuffer)
    at25320_writeBuffer                      0x0800a179   Thumb Code    74  at25320.o(i.at25320_writeBuffer)
    cmpWifiStr                               0x0800a429   Thumb Code    90  stm32f4xx_it.o(i.cmpWifiStr)
    constrain_float                          0x0800a499   Thumb Code    32  appcontroller.o(i.constrain_float)
    crc32Calculate                           0x0800a4b9   Thumb Code    24  crctable.o(i.crc32Calculate)
    disk_initialize                          0x0800a977   Thumb Code    38  diskio.o(i.disk_initialize)
    disk_ioctl                               0x0800a99d   Thumb Code   112  diskio.o(i.disk_ioctl)
    disk_read                                0x0800aa11   Thumb Code   132  diskio.o(i.disk_read)
    disk_status                              0x0800aa95   Thumb Code    28  diskio.o(i.disk_status)
    disk_write                               0x0800aab1   Thumb Code   132  diskio.o(i.disk_write)
    f_close                                  0x0800ab35   Thumb Code    34  ff.o(i.f_close)
    f_lseek                                  0x0800ab57   Thumb Code   684  ff.o(i.f_lseek)
    f_mount                                  0x0800ae05   Thumb Code    86  ff.o(i.f_mount)
    f_open                                   0x0800ae61   Thumb Code   498  ff.o(i.f_open)
    f_read                                   0x0800b053   Thumb Code   428  ff.o(i.f_read)
    f_stat                                   0x0800b1ff   Thumb Code    62  ff.o(i.f_stat)
    f_sync                                   0x0800b23d   Thumb Code   160  ff.o(i.f_sync)
    f_write                                  0x0800b2dd   Thumb Code   494  ff.o(i.f_write)
    fputc                                    0x0800b867   Thumb Code    20  bsp.o(i.fputc)
    fun_createTaskSimple                     0x0800b87d   Thumb Code    70  function.o(i.fun_createTaskSimple)
    fun_delayMs                              0x0800b8d1   Thumb Code    30  function.o(i.fun_delayMs)
    fun_delayUs                              0x0800b8f1   Thumb Code    64  function.o(i.fun_delayUs)
    fun_nvicSetNormal                        0x0800b935   Thumb Code    34  function.o(i.fun_nvicSetNormal)
    fun_spiSwap                              0x0800b957   Thumb Code    50  function.o(i.fun_spiSwap)
    fun_usartSend                            0x0800b989   Thumb Code    30  function.o(i.fun_usartSend)
    getFileNameFromNumber                    0x0800b9a7   Thumb Code   148  apppresent.o(i.getFileNameFromNumber)
    get_fattime                              0x0800bb1b   Thumb Code     4  ff_driver.o(i.get_fattime)
    main                                     0x0800bc41   Thumb Code    70  main.o(i.main)
    setMotor                                 0x0800c015   Thumb Code    48  appcontroller.o(i.setMotor)
    usartSendStr                             0x0800c173   Thumb Code    26  appcommunicate.o(i.usartSendStr)
    wifiRecGotIp                             0x0800c1ce   Data          12  stm32f4xx_it.o(.constdata)
    wifiRecConnect                           0x0800c1da   Data           8  stm32f4xx_it.o(.constdata)
    wifiRecMode                              0x0800c1e2   Data           3  stm32f4xx_it.o(.constdata)
    wifiRecSend                              0x0800c1e5   Data           2  stm32f4xx_it.o(.constdata)
    OSCfg_IdleTaskStkBasePtr                 0x0800c1e8   Data           4  os_cfg_app.o(.constdata)
    OSCfg_IdleTaskStkLimit                   0x0800c1ec   Data           4  os_cfg_app.o(.constdata)
    OSCfg_IdleTaskStkSize                    0x0800c1f0   Data           4  os_cfg_app.o(.constdata)
    OSCfg_IdleTaskStkSizeRAM                 0x0800c1f4   Data           4  os_cfg_app.o(.constdata)
    OSCfg_IntQBasePtr                        0x0800c1f8   Data           4  os_cfg_app.o(.constdata)
    OSCfg_IntQSize                           0x0800c1fc   Data           2  os_cfg_app.o(.constdata)
    OSCfg_IntQSizeRAM                        0x0800c200   Data           4  os_cfg_app.o(.constdata)
    OSCfg_IntQTaskStkBasePtr                 0x0800c204   Data           4  os_cfg_app.o(.constdata)
    OSCfg_IntQTaskStkLimit                   0x0800c208   Data           4  os_cfg_app.o(.constdata)
    OSCfg_IntQTaskStkSize                    0x0800c20c   Data           4  os_cfg_app.o(.constdata)
    OSCfg_IntQTaskStkSizeRAM                 0x0800c210   Data           4  os_cfg_app.o(.constdata)
    OSCfg_ISRStkBasePtr                      0x0800c214   Data           4  os_cfg_app.o(.constdata)
    OSCfg_ISRStkSize                         0x0800c218   Data           4  os_cfg_app.o(.constdata)
    OSCfg_ISRStkSizeRAM                      0x0800c21c   Data           4  os_cfg_app.o(.constdata)
    OSCfg_MsgPoolSize                        0x0800c220   Data           2  os_cfg_app.o(.constdata)
    OSCfg_MsgPoolSizeRAM                     0x0800c224   Data           4  os_cfg_app.o(.constdata)
    OSCfg_MsgPoolBasePtr                     0x0800c228   Data           4  os_cfg_app.o(.constdata)
    OSCfg_StatTaskPrio                       0x0800c22c   Data           1  os_cfg_app.o(.constdata)
    OSCfg_StatTaskRate_Hz                    0x0800c230   Data           4  os_cfg_app.o(.constdata)
    OSCfg_StatTaskStkBasePtr                 0x0800c234   Data           4  os_cfg_app.o(.constdata)
    OSCfg_StatTaskStkLimit                   0x0800c238   Data           4  os_cfg_app.o(.constdata)
    OSCfg_StatTaskStkSize                    0x0800c23c   Data           4  os_cfg_app.o(.constdata)
    OSCfg_StatTaskStkSizeRAM                 0x0800c240   Data           4  os_cfg_app.o(.constdata)
    OSCfg_StkSizeMin                         0x0800c244   Data           4  os_cfg_app.o(.constdata)
    OSCfg_TickRate_Hz                        0x0800c248   Data           4  os_cfg_app.o(.constdata)
    OSCfg_TickTaskPrio                       0x0800c24c   Data           1  os_cfg_app.o(.constdata)
    OSCfg_TickTaskStkBasePtr                 0x0800c250   Data           4  os_cfg_app.o(.constdata)
    OSCfg_TickTaskStkLimit                   0x0800c254   Data           4  os_cfg_app.o(.constdata)
    OSCfg_TickTaskStkSize                    0x0800c258   Data           4  os_cfg_app.o(.constdata)
    OSCfg_TickTaskStkSizeRAM                 0x0800c25c   Data           4  os_cfg_app.o(.constdata)
    OSCfg_TmrTaskPrio                        0x0800c260   Data           1  os_cfg_app.o(.constdata)
    OSCfg_TmrTaskRate_Hz                     0x0800c264   Data           4  os_cfg_app.o(.constdata)
    OSCfg_TmrTaskStkBasePtr                  0x0800c268   Data           4  os_cfg_app.o(.constdata)
    OSCfg_TmrTaskStkLimit                    0x0800c26c   Data           4  os_cfg_app.o(.constdata)
    OSCfg_TmrTaskStkSize                     0x0800c270   Data           4  os_cfg_app.o(.constdata)
    OSCfg_TmrTaskStkSizeRAM                  0x0800c274   Data           4  os_cfg_app.o(.constdata)
    OSCfg_DataSizeRAM                        0x0800c278   Data           4  os_cfg_app.o(.constdata)
    OSDbg_DbgEn                              0x0800c27c   Data           1  os_dbg.o(.constdata)
    OSDbg_ArgChkEn                           0x0800c27d   Data           1  os_dbg.o(.constdata)
    OSDbg_AppHooksEn                         0x0800c27e   Data           1  os_dbg.o(.constdata)
    OSDbg_EndiannessTest                     0x0800c280   Data           4  os_dbg.o(.constdata)
    OSDbg_CalledFromISRChkEn                 0x0800c284   Data           1  os_dbg.o(.constdata)
    OSDbg_FlagEn                             0x0800c285   Data           1  os_dbg.o(.constdata)
    OSDbg_FlagGrp                            0x0800c288   Data          40  os_dbg.o(.constdata)
    OSDbg_FlagDelEn                          0x0800c2b0   Data           1  os_dbg.o(.constdata)
    OSDbg_FlagModeClrEn                      0x0800c2b1   Data           1  os_dbg.o(.constdata)
    OSDbg_FlagPendAbortEn                    0x0800c2b2   Data           1  os_dbg.o(.constdata)
    OSDbg_FlagGrpSize                        0x0800c2b4   Data           2  os_dbg.o(.constdata)
    OSDbg_FlagWidth                          0x0800c2b6   Data           2  os_dbg.o(.constdata)
    OSDbg_IntQ                               0x0800c2b8   Data           2  os_dbg.o(.constdata)
    OSDbg_ISRPostDeferredEn                  0x0800c2ba   Data           1  os_dbg.o(.constdata)
    OSDbg_Mem                                0x0800c2bc   Data          32  os_dbg.o(.constdata)
    OSDbg_MemEn                              0x0800c2dc   Data           1  os_dbg.o(.constdata)
    OSDbg_MemSize                            0x0800c2de   Data           2  os_dbg.o(.constdata)
    OSDbg_MsgEn                              0x0800c2e0   Data           1  os_dbg.o(.constdata)
    OSDbg_MsgSize                            0x0800c2e2   Data           2  os_dbg.o(.constdata)
    OSDbg_MsgPoolSize                        0x0800c2e4   Data           2  os_dbg.o(.constdata)
    OSDbg_MsgQSize                           0x0800c2e6   Data           2  os_dbg.o(.constdata)
    OSDbg_Mutex                              0x0800c2e8   Data          48  os_dbg.o(.constdata)
    OSDbg_MutexEn                            0x0800c318   Data           1  os_dbg.o(.constdata)
    OSDbg_MutexDelEn                         0x0800c319   Data           1  os_dbg.o(.constdata)
    OSDbg_MutexPendAbortEn                   0x0800c31a   Data           1  os_dbg.o(.constdata)
    OSDbg_MutexSize                          0x0800c31c   Data           2  os_dbg.o(.constdata)
    OSDbg_ObjTypeChkEn                       0x0800c31e   Data           1  os_dbg.o(.constdata)
    OSDbg_PendMultiEn                        0x0800c31f   Data           1  os_dbg.o(.constdata)
    OSDbg_PendDataSize                       0x0800c320   Data           2  os_dbg.o(.constdata)
    OSDbg_PendListSize                       0x0800c322   Data           2  os_dbg.o(.constdata)
    OSDbg_PendObjSize                        0x0800c324   Data           2  os_dbg.o(.constdata)
    OSDbg_PrioMax                            0x0800c326   Data           2  os_dbg.o(.constdata)
    OSDbg_PrioTblSize                        0x0800c328   Data           2  os_dbg.o(.constdata)
    OSDbg_PtrSize                            0x0800c32a   Data           2  os_dbg.o(.constdata)
    OSDbg_Q                                  0x0800c32c   Data          48  os_dbg.o(.constdata)
    OSDbg_QEn                                0x0800c35c   Data           1  os_dbg.o(.constdata)
    OSDbg_QDelEn                             0x0800c35d   Data           1  os_dbg.o(.constdata)
    OSDbg_QFlushEn                           0x0800c35e   Data           1  os_dbg.o(.constdata)
    OSDbg_QPendAbortEn                       0x0800c35f   Data           1  os_dbg.o(.constdata)
    OSDbg_QSize                              0x0800c360   Data           2  os_dbg.o(.constdata)
    OSDbg_SchedRoundRobinEn                  0x0800c362   Data           1  os_dbg.o(.constdata)
    OSDbg_Sem                                0x0800c364   Data          40  os_dbg.o(.constdata)
    OSDbg_SemEn                              0x0800c38c   Data           1  os_dbg.o(.constdata)
    OSDbg_SemDelEn                           0x0800c38d   Data           1  os_dbg.o(.constdata)
    OSDbg_SemPendAbortEn                     0x0800c38e   Data           1  os_dbg.o(.constdata)
    OSDbg_SemSetEn                           0x0800c38f   Data           1  os_dbg.o(.constdata)
    OSDbg_SemSize                            0x0800c390   Data           2  os_dbg.o(.constdata)
    OSDbg_RdyList                            0x0800c392   Data           2  os_dbg.o(.constdata)
    OSDbg_RdyListSize                        0x0800c394   Data           4  os_dbg.o(.constdata)
    OSDbg_StkWidth                           0x0800c398   Data           1  os_dbg.o(.constdata)
    OSDbg_StatTaskEn                         0x0800c399   Data           1  os_dbg.o(.constdata)
    OSDbg_StatTaskStkChkEn                   0x0800c39a   Data           1  os_dbg.o(.constdata)
    OSDbg_TaskChangePrioEn                   0x0800c39b   Data           1  os_dbg.o(.constdata)
    OSDbg_TaskDelEn                          0x0800c39c   Data           1  os_dbg.o(.constdata)
    OSDbg_TaskQEn                            0x0800c39d   Data           1  os_dbg.o(.constdata)
    OSDbg_TaskQPendAbortEn                   0x0800c39e   Data           1  os_dbg.o(.constdata)
    OSDbg_TaskProfileEn                      0x0800c39f   Data           1  os_dbg.o(.constdata)
    OSDbg_TaskRegTblSize                     0x0800c3a0   Data           2  os_dbg.o(.constdata)
    OSDbg_TaskSemPendAbortEn                 0x0800c3a2   Data           1  os_dbg.o(.constdata)
    OSDbg_TaskSuspendEn                      0x0800c3a3   Data           1  os_dbg.o(.constdata)
    OSDbg_TCBSize                            0x0800c3a4   Data           2  os_dbg.o(.constdata)
    OSDbg_TickListSize                       0x0800c3a6   Data           2  os_dbg.o(.constdata)
    OSDbg_TimeDlyHMSMEn                      0x0800c3a8   Data           1  os_dbg.o(.constdata)
    OSDbg_TimeDlyResumeEn                    0x0800c3a9   Data           1  os_dbg.o(.constdata)
    OSDbg_TLS_TblSize                        0x0800c3aa   Data           2  os_dbg.o(.constdata)
    OSDbg_Tmr                                0x0800c3ac   Data          48  os_dbg.o(.constdata)
    OSDbg_TmrEn                              0x0800c3dc   Data           1  os_dbg.o(.constdata)
    OSDbg_TmrDelEn                           0x0800c3dd   Data           1  os_dbg.o(.constdata)
    OSDbg_TmrSize                            0x0800c3de   Data           2  os_dbg.o(.constdata)
    OSDbg_VersionNbr                         0x0800c3e0   Data           2  os_dbg.o(.constdata)
    OSDbg_DataSize                           0x0800c3e4   Data           4  os_dbg.o(.constdata)
    wifiCmdConServer                         0x0800c3e8   Data          39  appcommunicate.o(.constdata)
    wifiCmdCipMode                           0x0800c40f   Data          15  appcommunicate.o(.constdata)
    wifiCmdCipSend                           0x0800c41e   Data          13  appcommunicate.o(.constdata)
    wifiCmdCipSendLenFix                     0x0800c42b   Data          16  appcommunicate.o(.constdata)
    wifiCmdReset1                            0x0800c43b   Data           4  appcommunicate.o(.constdata)
    wifiCmdReset2                            0x0800c43f   Data          11  appcommunicate.o(.constdata)
    Region$$Table$$Base                      0x0800c44c   Number         0  anon$$obj.o(Region$$Table)
    Region$$Table$$Limit                     0x0800c46c   Number         0  anon$$obj.o(Region$$Table)
    wifiRecCounter                           0x20000010   Data           1  stm32f4xx_it.o(.data)
    usart3PtrMem                             0x20000014   Data           4  stm32f4xx_it.o(.data)
    StopCondition                            0x20000030   Data           4  sdio_tf.o(.data)
    TransferError                            0x20000034   Data           1  sdio_tf.o(.data)
    TransferEnd                              0x20000038   Data           4  sdio_tf.o(.data)
    DMAEndOfTransfer                         0x2000003c   Data           4  sdio_tf.o(.data)
    CPU_TS_TmrFreq_Hz                        0x20000040   Data           4  cpu_core.o(.data)
    CPU_IntDisMeasCtr                        0x20000044   Data           2  cpu_core.o(.data)
    CPU_IntDisNestCtr                        0x20000046   Data           2  cpu_core.o(.data)
    CPU_IntDisMeasStart_cnts                 0x20000048   Data           4  cpu_core.o(.data)
    CPU_IntDisMeasStop_cnts                  0x2000004c   Data           4  cpu_core.o(.data)
    CPU_IntDisMeasOvrhd_cnts                 0x20000050   Data           4  cpu_core.o(.data)
    CPU_IntDisMeasMaxCur_cnts                0x20000054   Data           4  cpu_core.o(.data)
    CPU_IntDisMeasMax_cnts                   0x20000058   Data           4  cpu_core.o(.data)
    OS_CPU_ExceptStkBase                     0x2000005c   Data           4  os_cpu_c.o(.data)
    OSPrioTbl                                0x20000060   Data           8  os_prio.o(.data)
    OS_AppTaskCreateHookPtr                  0x20000068   Data           4  os_var.o(.data)
    OS_AppTaskDelHookPtr                     0x2000006c   Data           4  os_var.o(.data)
    OS_AppTaskReturnHookPtr                  0x20000070   Data           4  os_var.o(.data)
    OS_AppIdleTaskHookPtr                    0x20000074   Data           4  os_var.o(.data)
    OS_AppStatTaskHookPtr                    0x20000078   Data           4  os_var.o(.data)
    OS_AppTaskSwHookPtr                      0x2000007c   Data           4  os_var.o(.data)
    OS_AppTimeTickHookPtr                    0x20000080   Data           4  os_var.o(.data)
    OSIdleTaskCtr                            0x20000084   Data           4  os_var.o(.data)
    OSIntNestingCtr                          0x20000088   Data           1  os_var.o(.data)
    OSIntDisTimeMax                          0x2000008c   Data           4  os_var.o(.data)
    OSRunning                                0x20000090   Data           1  os_var.o(.data)
    OSFlagDbgListPtr                         0x20000094   Data           4  os_var.o(.data)
    OSFlagQty                                0x20000098   Data           2  os_var.o(.data)
    OSMemDbgListPtr                          0x2000009c   Data           4  os_var.o(.data)
    OSMemQty                                 0x200000a0   Data           2  os_var.o(.data)
    OSMutexDbgListPtr                        0x200000a4   Data           4  os_var.o(.data)
    OSMutexQty                               0x200000a8   Data           2  os_var.o(.data)
    OSPrioCur                                0x200000aa   Data           1  os_var.o(.data)
    OSPrioHighRdy                            0x200000ab   Data           1  os_var.o(.data)
    OSPrioSaved                              0x200000ac   Data           1  os_var.o(.data)
    OSQDbgListPtr                            0x200000b0   Data           4  os_var.o(.data)
    OSQQty                                   0x200000b4   Data           2  os_var.o(.data)
    OSSchedLockNestingCtr                    0x200000b6   Data           1  os_var.o(.data)
    OSSemDbgListPtr                          0x200000b8   Data           4  os_var.o(.data)
    OSSemQty                                 0x200000bc   Data           2  os_var.o(.data)
    OSStatResetFlag                          0x200000be   Data           1  os_var.o(.data)
    OSStatTaskCPUUsage                       0x200000c0   Data           2  os_var.o(.data)
    OSStatTaskCPUUsageMax                    0x200000c2   Data           2  os_var.o(.data)
    OSStatTaskCtr                            0x200000c4   Data           4  os_var.o(.data)
    OSStatTaskCtrMax                         0x200000c8   Data           4  os_var.o(.data)
    OSStatTaskCtrRun                         0x200000cc   Data           4  os_var.o(.data)
    OSStatTaskRdy                            0x200000d0   Data           1  os_var.o(.data)
    OSStatTaskTimeMax                        0x200000d4   Data           4  os_var.o(.data)
    OSTaskCtxSwCtr                           0x200000d8   Data           4  os_var.o(.data)
    OSTaskDbgListPtr                         0x200000dc   Data           4  os_var.o(.data)
    OSTaskQty                                0x200000e0   Data           2  os_var.o(.data)
    OSTaskRegNextAvailID                     0x200000e2   Data           1  os_var.o(.data)
    OSTickCtr                                0x200000e4   Data           4  os_var.o(.data)
    OSTickTaskTimeMax                        0x200000e8   Data           4  os_var.o(.data)
    OSTickListDly                            0x200000ec   Data           8  os_var.o(.data)
    OSTickListTimeout                        0x200000f4   Data           8  os_var.o(.data)
    OSTmrDbgListPtr                          0x200000fc   Data           4  os_var.o(.data)
    OSTmrListEntries                         0x20000100   Data           2  os_var.o(.data)
    OSTmrListPtr                             0x20000104   Data           4  os_var.o(.data)
    OSTmrQty                                 0x20000108   Data           2  os_var.o(.data)
    OSTmrTaskTimeMax                         0x2000010c   Data           4  os_var.o(.data)
    OSTmrTickCtr                             0x20000110   Data           4  os_var.o(.data)
    OSTmrUpdateCnt                           0x20000114   Data           4  os_var.o(.data)
    OSTmrUpdateCtr                           0x20000118   Data           4  os_var.o(.data)
    OSTCBCurPtr                              0x2000011c   Data           4  os_var.o(.data)
    OSTCBHighRdyPtr                          0x20000120   Data           4  os_var.o(.data)
    dogData                                  0x20000124   Data           4  app.o(.data)
    res                                      0x20000128   Data           1  apppresent.o(.data)
    uavParaDefault                           0x2000012c   Data           4  appcommunicate.o(.data)
    uavConfigDefault                         0x20000130   Data           1  appcommunicate.o(.data)
    __stdout                                 0x200002c0   Data           4  stdout.o(.data)
    bspData                                  0x200002c4   Data         296  bsp.o(.bss)
    receiverBuf                              0x200003ec   Data          12  stm32f4xx_it.o(.bss)
    sdCardInfo                               0x20000428   Data          88  sdio_tf.o(.bss)
    sdioInitStructure                        0x20000480   Data          24  sdio_tf.o(.bss)
    sdioCmdInitStructure                     0x20000498   Data          20  sdio_tf.o(.bss)
    sdioDataInitStructure                    0x200004ac   Data          24  sdio_tf.o(.bss)
    appTaskStartTCB                          0x200004c4   Data         192  main.o(.bss)
    CPU_Name                                 0x20000984   Data          16  cpu_core.o(.bss)
    OSCfg_IdleTaskStk                        0x20000994   Data         512  os_cfg_app.o(.bss)
    OSCfg_ISRStk                             0x20000b94   Data         400  os_cfg_app.o(.bss)
    OSCfg_MsgPool                            0x20000d24   Data        1600  os_cfg_app.o(.bss)
    OSCfg_StatTaskStk                        0x20001364   Data         400  os_cfg_app.o(.bss)
    OSCfg_TickTaskStk                        0x200014f4   Data         512  os_cfg_app.o(.bss)
    OSCfg_TmrTaskStk                         0x200016f4   Data         512  os_cfg_app.o(.bss)
    OSIdleTaskTCB                            0x200018f4   Data         192  os_var.o(.bss)
    OSMsgPool                                0x200019b4   Data          12  os_var.o(.bss)
    OSRdyList                                0x200019c0   Data         768  os_var.o(.bss)
    OSStatTaskTCB                            0x20001cc0   Data         192  os_var.o(.bss)
    OSTickTaskTCB                            0x20001d80   Data         192  os_var.o(.bss)
    OSTmrMutex                               0x20001e40   Data          48  os_var.o(.bss)
    OSTmrTaskTCB                             0x20001e70   Data         192  os_var.o(.bss)
    byte8PartionStorage                      0x20005330   Data         400  app.o(.bss)
    appData                                  0x200054c0   Data        1704  app.o(.bss)
    uavData                                  0x20005b68   Data         420  app.o(.bss)
    imuData                                  0x20005d0c   Data          52  app.o(.bss)
    sonarTest                                0x20005d40   Data          10  apppresent.o(.bss)
    tfCardBuffer                             0x20005d4a   Data         128  apppresent.o(.bss)
    wifiReturnBuffer                         0x20005dca   Data          50  appcommunicate.o(.bss)
    wifiBuffer                               0x20005dfc   Data         176  appcommunicate.o(.bss)
    saveBuffer1                              0x20005eac   Data          32  appcommunicate.o(.bss)
    saveBuffer2                              0x20005ecc   Data          32  appcommunicate.o(.bss)
    __initial_sp                             0x200062f0   Data           0  startup_stm32f40_41xxx.o(STACK)



==============================================================================

Memory Map of the image

  Image Entry point : 0x08000189

  Load Region LR_IROM1 (Base: 0x08000000, Size: 0x0000c730, Max: 0x00100000, ABSOLUTE, COMPRESSED[0x0000c53c])

    Execution Region ER_IROM1 (Base: 0x08000000, Size: 0x0000c46c, Max: 0x00100000, ABSOLUTE)

    Base Addr    Size         Type   Attr      Idx    E Section Name        Object

    0x08000000   0x00000188   Data   RO            3    RESET               startup_stm32f40_41xxx.o
    0x08000188   0x00000000   Code   RO         6257  * .ARM.Collect$$$$00000000  mc_w.l(entry.o)
    0x08000188   0x00000004   Code   RO         6525    .ARM.Collect$$$$00000001  mc_w.l(entry2.o)
    0x0800018c   0x00000004   Code   RO         6528    .ARM.Collect$$$$00000004  mc_w.l(entry5.o)
    0x08000190   0x00000000   Code   RO         6530    .ARM.Collect$$$$00000008  mc_w.l(entry7b.o)
    0x08000190   0x00000000   Code   RO         6532    .ARM.Collect$$$$0000000A  mc_w.l(entry8b.o)
    0x08000190   0x00000008   Code   RO         6533    .ARM.Collect$$$$0000000B  mc_w.l(entry9a.o)
    0x08000198   0x00000000   Code   RO         6535    .ARM.Collect$$$$0000000D  mc_w.l(entry10a.o)
    0x08000198   0x00000000   Code   RO         6537    .ARM.Collect$$$$0000000F  mc_w.l(entry11a.o)
    0x08000198   0x00000004   Code   RO         6526    .ARM.Collect$$$$00002712  mc_w.l(entry2.o)
    0x0800019c   0x00000024   Code   RO            4    .text               startup_stm32f40_41xxx.o
    0x080001c0   0x00000034   Code   RO         3937    .text               cpu_a.o
    0x080001f4   0x00000062   Code   RO         6260    .text               mc_w.l(uldiv.o)
    0x08000256   0x00000026   Code   RO         6523    .text               mf_w.l(f2d.o)
    0x0800027c   0x0000002c   Code   RO         6540    .text               mc_w.l(uidiv.o)
    0x080002a8   0x0000001e   Code   RO         6542    .text               mc_w.l(llshl.o)
    0x080002c6   0x00000020   Code   RO         6544    .text               mc_w.l(llushr.o)
    0x080002e6   0x00000000   Code   RO         6546    .text               mc_w.l(iusefp.o)
    0x080002e6   0x0000014e   Code   RO         6547    .text               mf_w.l(dadd.o)
    0x08000434   0x000000e4   Code   RO         6549    .text               mf_w.l(dmul.o)
    0x08000518   0x000000de   Code   RO         6551    .text               mf_w.l(ddiv.o)
    0x080005f6   0x00000030   Code   RO         6553    .text               mf_w.l(dfixul.o)
    0x08000626   0x00000002   PAD
    0x08000628   0x00000030   Code   RO         6555    .text               mf_w.l(cdrcmple.o)
    0x08000658   0x00000024   Code   RO         6557    .text               mc_w.l(init.o)
    0x0800067c   0x00000024   Code   RO         6559    .text               mc_w.l(llsshr.o)
    0x080006a0   0x000000ba   Code   RO         6561    .text               mf_w.l(depilogue.o)
    0x0800075a   0x00000056   Code   RO         6571    .text               mc_w.l(__dczerorl2.o)
    0x080007b0   0x000000d4   Code   RO         5527    CODE                os_cpu_a.o
    0x08000884   0x0000000e   Code   RO         2724    i.BSP_CPU_ClkFreq   bsp.o
    0x08000892   0x00000002   PAD
    0x08000894   0x00000264   Code   RO         2725    i.BSP_GPIOinit      bsp.o
    0x08000af8   0x00000074   Code   RO         2726    i.BSP_dmaInit       bsp.o
    0x08000b6c   0x00000002   Code   RO         2727    i.BSP_i2cInit       bsp.o
    0x08000b6e   0x00000034   Code   RO         2728    i.BSP_init          bsp.o
    0x08000ba2   0x00000066   Code   RO         2729    i.BSP_nvicInit      bsp.o
    0x08000c08   0x0000005c   Code   RO         2730    i.BSP_spiInit       bsp.o
    0x08000c64   0x00000158   Code   RO         2731    i.BSP_timerInit     bsp.o
    0x08000dbc   0x000000d4   Code   RO         2732    i.BSP_usartInit     bsp.o
    0x08000e90   0x00000002   Code   RO         2733    i.Bsp_adcInit       bsp.o
    0x08000e92   0x00000002   PAD
    0x08000e94   0x0000008c   Code   RO         2734    i.Bsp_canInit       bsp.o
    0x08000f20   0x00000002   Code   RO         2735    i.Bsp_extiInit      bsp.o
    0x08000f22   0x00000002   PAD
    0x08000f24   0x00000114   Code   RO         3304    i.Bsp_sdioInit      sdio_tf.o
    0x08001038   0x00000004   Code   RO         3074    i.BusFault_Handler  stm32f4xx_it.o
    0x0800103c   0x00000018   Code   RO         3075    i.CAN1_RX0_IRQHandler  stm32f4xx_it.o
    0x08001054   0x00000038   Code   RO         2507    i.CAN_DeInit        stm32f4xx_can.o
    0x0800108c   0x00000108   Code   RO         2509    i.CAN_FilterInit    stm32f4xx_can.o
    0x08001194   0x00000114   Code   RO         2516    i.CAN_Init          stm32f4xx_can.o
    0x080012a8   0x000000f0   Code   RO         2519    i.CAN_Receive       stm32f4xx_can.o
    0x08001398   0x00000010   Code   RO         3773    i.CPU_Init          cpu_core.o
    0x080013a8   0x00000084   Code   RO         3774    i.CPU_IntDisMeasInit  cpu_core.o
    0x0800142c   0x0000001c   Code   RO         3775    i.CPU_IntDisMeasMaxCalc  cpu_core.o
    0x08001448   0x0000002c   Code   RO         3776    i.CPU_IntDisMeasMaxCurGet  cpu_core.o
    0x08001474   0x0000002c   Code   RO         3777    i.CPU_IntDisMeasMaxCurReset  cpu_core.o
    0x080014a0   0x0000002c   Code   RO         3778    i.CPU_IntDisMeasMaxGet  cpu_core.o
    0x080014cc   0x00000034   Code   RO         3779    i.CPU_IntDisMeasStart  cpu_core.o
    0x08001500   0x00000054   Code   RO         3780    i.CPU_IntDisMeasStop  cpu_core.o
    0x08001554   0x00000038   Code   RO         3781    i.CPU_NameClr       cpu_core.o
    0x0800158c   0x00000008   Code   RO         3783    i.CPU_NameInit      cpu_core.o
    0x08001594   0x00000014   Code   RO         3788    i.CPU_TS_Init       cpu_core.o
    0x080015a8   0x0000000c   Code   RO         3790    i.CPU_TS_TmrFreqSet  cpu_core.o
    0x080015b4   0x00000034   Code   RO         2737    i.CPU_TS_TmrInit    bsp.o
    0x080015e8   0x0000000c   Code   RO         2738    i.CPU_TS_TmrRd      bsp.o
    0x080015f4   0x00000134   Code   RO         3305    i.CmdResp1Error     sdio_tf.o
    0x08001728   0x00000020   Code   RO         3076    i.DMA1_Stream2_IRQHandler  stm32f4xx_it.o
    0x08001748   0x00000036   Code   RO         3077    i.DMA2_Stream3_IRQHandler  stm32f4xx_it.o
    0x0800177e   0x00000002   PAD
    0x08001780   0x00000034   Code   RO          453    i.DMA_ClearFlag     stm32f4xx_dma.o
    0x080017b4   0x00000034   Code   RO          454    i.DMA_ClearITPendingBit  stm32f4xx_dma.o
    0x080017e8   0x00000016   Code   RO          455    i.DMA_Cmd           stm32f4xx_dma.o
    0x080017fe   0x00000002   PAD
    0x08001800   0x00000158   Code   RO          456    i.DMA_DeInit        stm32f4xx_dma.o
    0x08001958   0x00000016   Code   RO          459    i.DMA_FlowControllerConfig  stm32f4xx_dma.o
    0x0800196e   0x00000002   PAD
    0x08001970   0x00000064   Code   RO          465    i.DMA_GetITStatus   stm32f4xx_dma.o
    0x080019d4   0x0000003a   Code   RO          466    i.DMA_ITConfig      stm32f4xx_dma.o
    0x08001a0e   0x00000002   PAD
    0x08001a10   0x00000058   Code   RO          467    i.DMA_Init          stm32f4xx_dma.o
    0x08001a68   0x00000002   Code   RO         3078    i.DebugMon_Handler  stm32f4xx_it.o
    0x08001a6a   0x00000016   Code   RO         3079    i.EXTI15_10_IRQHandler  stm32f4xx_it.o
    0x08001a80   0x00000024   Code   RO         3080    i.EXTI9_5_IRQHandler  stm32f4xx_it.o
    0x08001aa4   0x0000000c   Code   RO          586    i.EXTI_ClearITPendingBit  stm32f4xx_exti.o
    0x08001ab0   0x00000018   Code   RO          590    i.EXTI_GetITStatus  stm32f4xx_exti.o
    0x08001ac8   0x00000194   Code   RO         3306    i.FindSCR           sdio_tf.o
    0x08001c5c   0x00000090   Code   RO          652    i.GPIO_Init         stm32f4xx_gpio.o
    0x08001cec   0x00000046   Code   RO          653    i.GPIO_PinAFConfig  stm32f4xx_gpio.o
    0x08001d32   0x00000004   Code   RO         3081    i.HardFault_Handler  stm32f4xx_it.o
    0x08001d36   0x00000004   Code   RO         3082    i.MemManage_Handler  stm32f4xx_it.o
    0x08001d3a   0x00000012   Code   RO         4081    i.Mem_Clr           lib_mem.o
    0x08001d4c   0x00000054   Code   RO         4108    i.Mem_Set           lib_mem.o
    0x08001da0   0x00000002   Code   RO         3083    i.NMI_Handler       stm32f4xx_it.o
    0x08001da2   0x00000002   PAD
    0x08001da4   0x00000078   Code   RO          155    i.NVIC_Init         misc.o
    0x08001e1c   0x00000014   Code   RO          156    i.NVIC_PriorityGroupConfig  misc.o
    0x08001e30   0x00000002   Code   RO         4416    i.OSCfg_Init        os_cfg_app.o
    0x08001e32   0x00000002   PAD
    0x08001e34   0x00000014   Code   RO         4643    i.OSIdleTaskHook    os_cpu_c.o
    0x08001e48   0x0000014c   Code   RO         4439    i.OSInit            os_core.o
    0x08001f94   0x00000028   Code   RO         4644    i.OSInitHook        os_cpu_c.o
    0x08001fbc   0x0000002c   Code   RO         4440    i.OSIntEnter        os_core.o
    0x08001fe8   0x000000dc   Code   RO         4441    i.OSIntExit         os_core.o
    0x080020c4   0x0000009c   Code   RO         4814    i.OSMemCreate       os_mem.o
    0x08002160   0x00000064   Code   RO         4815    i.OSMemGet          os_mem.o
    0x080021c4   0x00000068   Code   RO         4816    i.OSMemPut          os_mem.o
    0x0800222c   0x0000006c   Code   RO         4886    i.OSMutexCreate     os_mutex.o
    0x08002298   0x000001ec   Code   RO         4887    i.OSMutexPend       os_mutex.o
    0x08002484   0x0000017c   Code   RO         4888    i.OSMutexPost       os_mutex.o
    0x08002600   0x000000a4   Code   RO         4442    i.OSSched           os_core.o
    0x080026a4   0x00000064   Code   RO         4443    i.OSSchedLock       os_core.o
    0x08002708   0x00000088   Code   RO         4444    i.OSSchedUnlock     os_core.o
    0x08002790   0x00000068   Code   RO         5085    i.OSSemCreate       os_sem.o
    0x080027f8   0x00000188   Code   RO         5087    i.OSSemPend         os_sem.o
    0x08002980   0x0000003c   Code   RO         5089    i.OSSemPost         os_sem.o
    0x080029bc   0x00000068   Code   RO         4445    i.OSStart           os_core.o
    0x08002a24   0x00000148   Code   RO         5157    i.OSStatReset       os_stat.o
    0x08002b6c   0x00000100   Code   RO         5158    i.OSStatTaskCPUUsageInit  os_stat.o
    0x08002c6c   0x00000014   Code   RO         4645    i.OSStatTaskHook    os_cpu_c.o
    0x08002c80   0x000000a0   Code   RO         5187    i.OSTaskChangePrio  os_task.o
    0x08002d20   0x00000144   Code   RO         5188    i.OSTaskCreate      os_task.o
    0x08002e64   0x00000018   Code   RO         4646    i.OSTaskCreateHook  os_cpu_c.o
    0x08002e7c   0x000001b8   Code   RO         5190    i.OSTaskQPend       os_task.o
    0x08003034   0x0000002a   Code   RO         5191    i.OSTaskQPost       os_task.o
    0x0800305e   0x00000036   Code   RO         5195    i.OSTaskResume      os_task.o
    0x08003094   0x00000018   Code   RO         4648    i.OSTaskReturnHook  os_cpu_c.o
    0x080030ac   0x000001c8   Code   RO         5196    i.OSTaskSemPend     os_task.o
    0x08003274   0x00000024   Code   RO         5198    i.OSTaskSemPost     os_task.o
    0x08003298   0x000000bc   Code   RO         5200    i.OSTaskStkChk      os_task.o
    0x08003354   0x000000d0   Code   RO         4649    i.OSTaskStkInit     os_cpu_c.o
    0x08003424   0x00000024   Code   RO         5201    i.OSTaskSuspend     os_task.o
    0x08003448   0x000000ac   Code   RO         4650    i.OSTaskSwHook      os_cpu_c.o
    0x080034f4   0x000000b0   Code   RO         5389    i.OSTimeDly         os_time.o
    0x080035a4   0x00000114   Code   RO         5390    i.OSTimeDlyHMSM     os_time.o
    0x080036b8   0x00000044   Code   RO         5393    i.OSTimeTick        os_time.o
    0x080036fc   0x00000014   Code   RO         4651    i.OSTimeTickHook    os_cpu_c.o
    0x08003710   0x00000040   Code   RO         4652    i.OS_CPU_SysTickHandler  os_cpu_c.o
    0x08003750   0x00000030   Code   RO         4653    i.OS_CPU_SysTickInit  os_cpu_c.o
    0x08003780   0x000001a8   Code   RO         4721    i.OS_Dbg_Init       os_dbg.o
    0x08003928   0x00000018   Code   RO         4744    i.OS_FlagInit       os_flag.o
    0x08003940   0x0000004c   Code   RO         4447    i.OS_IdleTask       os_core.o
    0x0800398c   0x00000070   Code   RO         4448    i.OS_IdleTaskInit   os_core.o
    0x080039fc   0x00000028   Code   RO         4817    i.OS_MemDbgListAdd  os_mem.o
    0x08003a24   0x00000018   Code   RO         4818    i.OS_MemInit        os_mem.o
    0x08003a3c   0x0000005c   Code   RO         4850    i.OS_MsgPoolInit    os_msg.o
    0x08003a98   0x00000068   Code   RO         4852    i.OS_MsgQGet        os_msg.o
    0x08003b00   0x0000000e   Code   RO         4853    i.OS_MsgQInit       os_msg.o
    0x08003b0e   0x00000002   PAD
    0x08003b10   0x00000104   Code   RO         4854    i.OS_MsgQPut        os_msg.o
    0x08003c14   0x00000030   Code   RO         4890    i.OS_MutexDbgListAdd  os_mutex.o
    0x08003c44   0x00000008   Code   RO         4892    i.OS_MutexGrpAdd    os_mutex.o
    0x08003c4c   0x0000002c   Code   RO         4894    i.OS_MutexGrpPrioFindHighest  os_mutex.o
    0x08003c78   0x0000001c   Code   RO         4895    i.OS_MutexGrpRemove  os_mutex.o
    0x08003c94   0x00000018   Code   RO         4896    i.OS_MutexInit      os_mutex.o
    0x08003cac   0x00000068   Code   RO         4449    i.OS_Pend           os_core.o
    0x08003d14   0x00000028   Code   RO         4452    i.OS_PendDataInit   os_core.o
    0x08003d3c   0x0000005c   Code   RO         4453    i.OS_PendDbgNameAdd  os_core.o
    0x08003d98   0x00000024   Code   RO         4454    i.OS_PendDbgNameRemove  os_core.o
    0x08003dbc   0x0000003a   Code   RO         4455    i.OS_PendListChangePrio  os_core.o
    0x08003df6   0x0000000a   Code   RO         4456    i.OS_PendListInit   os_core.o
    0x08003e00   0x00000066   Code   RO         4458    i.OS_PendListInsertPrio  os_core.o
    0x08003e66   0x00000034   Code   RO         4459    i.OS_PendListRemove  os_core.o
    0x08003e9a   0x00000042   Code   RO         4460    i.OS_PendListRemove1  os_core.o
    0x08003edc   0x000000d6   Code   RO         4463    i.OS_Post           os_core.o
    0x08003fb2   0x0000002c   Code   RO         4464    i.OS_Post1          os_core.o
    0x08003fde   0x00000002   PAD
    0x08003fe0   0x00000028   Code   RO         4988    i.OS_PrioGetHighest  os_prio.o
    0x08004008   0x00000018   Code   RO         4989    i.OS_PrioInit       os_prio.o
    0x08004020   0x00000024   Code   RO         4990    i.OS_PrioInsert     os_prio.o
    0x08004044   0x00000024   Code   RO         4991    i.OS_PrioRemove     os_prio.o
    0x08004068   0x00000018   Code   RO         5032    i.OS_QInit          os_q.o
    0x08004080   0x00000024   Code   RO         4465    i.OS_RdyListInit    os_core.o
    0x080040a4   0x0000002c   Code   RO         4466    i.OS_RdyListInsert  os_core.o
    0x080040d0   0x00000040   Code   RO         4467    i.OS_RdyListInsertHead  os_core.o
    0x08004110   0x0000003c   Code   RO         4468    i.OS_RdyListInsertTail  os_core.o
    0x0800414c   0x0000005c   Code   RO         4470    i.OS_RdyListRemove  os_core.o
    0x080041a8   0x00000030   Code   RO         5092    i.OS_SemDbgListAdd  os_sem.o
    0x080041d8   0x00000018   Code   RO         5094    i.OS_SemInit        os_sem.o
    0x080041f0   0x0000013e   Code   RO         5095    i.OS_SemPost        os_sem.o
    0x0800432e   0x00000002   PAD
    0x08004330   0x00000324   Code   RO         5159    i.OS_StatTask       os_stat.o
    0x08004654   0x000000cc   Code   RO         5160    i.OS_StatTaskInit   os_stat.o
    0x08004720   0x0000002c   Code   RO         4471    i.OS_TaskBlock      os_core.o
    0x0800474c   0x000000ec   Code   RO         5202    i.OS_TaskChangePrio  os_task.o
    0x08004838   0x00000030   Code   RO         5203    i.OS_TaskDbgListAdd  os_task.o
    0x08004868   0x00000020   Code   RO         5205    i.OS_TaskInit       os_task.o
    0x08004888   0x000000c4   Code   RO         5206    i.OS_TaskInitTCB    os_task.o
    0x0800494c   0x000000f4   Code   RO         5207    i.OS_TaskQPost      os_task.o
    0x08004a40   0x0000011c   Code   RO         5208    i.OS_TaskResume     os_task.o
    0x08004b5c   0x00000024   Code   RO         5209    i.OS_TaskReturn     os_task.o
    0x08004b80   0x000001f0   Code   RO         5210    i.OS_TaskSemPost    os_task.o
    0x08004d70   0x00000138   Code   RO         5211    i.OS_TaskSuspend    os_task.o
    0x08004ea8   0x00000086   Code   RO         5343    i.OS_TickListInsert  os_tick.o
    0x08004f2e   0x00000002   PAD
    0x08004f30   0x000000bc   Code   RO         5344    i.OS_TickListInsertDly  os_tick.o
    0x08004fec   0x00000058   Code   RO         5345    i.OS_TickListRemove  os_tick.o
    0x08005044   0x000000a0   Code   RO         5346    i.OS_TickListUpdateDly  os_tick.o
    0x080050e4   0x0000011c   Code   RO         5347    i.OS_TickListUpdateTimeout  os_tick.o
    0x08005200   0x0000006c   Code   RO         5348    i.OS_TickTask       os_tick.o
    0x0800526c   0x000000c8   Code   RO         5349    i.OS_TickTaskInit   os_tick.o
    0x08005334   0x00000134   Code   RO         5434    i.OS_TmrInit        os_tmr.o
    0x08005468   0x00000018   Code   RO         5435    i.OS_TmrLock        os_tmr.o
    0x08005480   0x00000094   Code   RO         5436    i.OS_TmrTask        os_tmr.o
    0x08005514   0x00000044   Code   RO         5437    i.OS_TmrUnlink      os_tmr.o
    0x08005558   0x00000014   Code   RO         5438    i.OS_TmrUnlock      os_tmr.o
    0x0800556c   0x00000020   Code   RO          753    i.RCC_AHB1PeriphClockCmd  stm32f4xx_rcc.o
    0x0800558c   0x00000020   Code   RO          762    i.RCC_APB1PeriphClockCmd  stm32f4xx_rcc.o
    0x080055ac   0x00000020   Code   RO          764    i.RCC_APB1PeriphResetCmd  stm32f4xx_rcc.o
    0x080055cc   0x00000020   Code   RO          765    i.RCC_APB2PeriphClockCmd  stm32f4xx_rcc.o
    0x080055ec   0x00000020   Code   RO          767    i.RCC_APB2PeriphResetCmd  stm32f4xx_rcc.o
    0x0800560c   0x000000e8   Code   RO          774    i.RCC_GetClocksFreq  stm32f4xx_rcc.o
    0x080056f4   0x0000000c   Code   RO         1092    i.SDIO_ClearFlag    stm32f4xx_sdio.o
    0x08005700   0x0000000c   Code   RO         1093    i.SDIO_ClearITPendingBit  stm32f4xx_sdio.o
    0x0800570c   0x0000000c   Code   RO         1094    i.SDIO_ClockCmd     stm32f4xx_sdio.o
    0x08005718   0x0000000c   Code   RO         1097    i.SDIO_DMACmd       stm32f4xx_sdio.o
    0x08005724   0x00000034   Code   RO         1098    i.SDIO_DataConfig   stm32f4xx_sdio.o
    0x08005758   0x00000016   Code   RO         1100    i.SDIO_DeInit       stm32f4xx_sdio.o
    0x0800576e   0x00000002   PAD
    0x08005770   0x0000000c   Code   RO         1101    i.SDIO_GetCommandResponse  stm32f4xx_sdio.o
    0x0800577c   0x00000018   Code   RO         1104    i.SDIO_GetFlagStatus  stm32f4xx_sdio.o
    0x08005794   0x00000018   Code   RO         1105    i.SDIO_GetITStatus  stm32f4xx_sdio.o
    0x080057ac   0x00000010   Code   RO         1106    i.SDIO_GetPowerState  stm32f4xx_sdio.o
    0x080057bc   0x00000018   Code   RO         1107    i.SDIO_GetResponse  stm32f4xx_sdio.o
    0x080057d4   0x00000036   Code   RO         3084    i.SDIO_IRQHandler   stm32f4xx_it.o
    0x0800580a   0x00000002   PAD
    0x0800580c   0x00000020   Code   RO         1108    i.SDIO_ITConfig     stm32f4xx_sdio.o
    0x0800582c   0x00000030   Code   RO         1109    i.SDIO_Init         stm32f4xx_sdio.o
    0x0800585c   0x0000000c   Code   RO         1110    i.SDIO_ReadData     stm32f4xx_sdio.o
    0x08005868   0x0000002c   Code   RO         1112    i.SDIO_SendCommand  stm32f4xx_sdio.o
    0x08005894   0x0000000c   Code   RO         1114    i.SDIO_SetPowerState  stm32f4xx_sdio.o
    0x080058a0   0x00000008   Code   RO         3308    i.SD_Detect         sdio_tf.o
    0x080058a8   0x00000026   Code   RO         3311    i.SD_GetState       sdio_tf.o
    0x080058ce   0x0000001e   Code   RO         3312    i.SD_GetStatus      sdio_tf.o
    0x080058ec   0x0000013c   Code   RO         3313    i.SD_InitializeCards  sdio_tf.o
    0x08005a28   0x0000008c   Code   RO         3314    i.SD_LowLevel_DMA_RxConfig  sdio_tf.o
    0x08005ab4   0x00000090   Code   RO         3315    i.SD_LowLevel_DMA_TxConfig  sdio_tf.o
    0x08005b44   0x00000054   Code   RO         3316    i.SD_ProcessDMAIRQ  sdio_tf.o
    0x08005b98   0x000000ac   Code   RO         3317    i.SD_ProcessIRQSrc  sdio_tf.o
    0x08005c44   0x000000f0   Code   RO         3318    i.SD_ReadBlock      sdio_tf.o
    0x08005d34   0x000000f8   Code   RO         3319    i.SD_ReadMultiBlocks  sdio_tf.o
    0x08005e2c   0x00000054   Code   RO         3321    i.SD_SendStatus     sdio_tf.o
    0x08005e80   0x00000034   Code   RO         3322    i.SD_StopTransfer   sdio_tf.o
    0x08005eb4   0x00000094   Code   RO         3323    i.SD_WaitReadOperation  sdio_tf.o
    0x08005f48   0x00000094   Code   RO         3324    i.SD_WaitWriteOperation  sdio_tf.o
    0x08005fdc   0x000000ec   Code   RO         3325    i.SD_WriteBlock     sdio_tf.o
    0x080060c8   0x00000158   Code   RO         3326    i.SD_WriteMultiBlocks  sdio_tf.o
    0x08006220   0x00000090   Code   RO         3327    i.SD_enableWideBusOperation  sdio_tf.o
    0x080062b0   0x0000031c   Code   RO         3328    i.SD_getCardInfo    sdio_tf.o
    0x080065cc   0x000001d4   Code   RO         3330    i.SD_powerOn        sdio_tf.o
    0x080067a0   0x00000038   Code   RO         3331    i.SD_selectDeselect  sdio_tf.o
    0x080067d8   0x00000018   Code   RO         1295    i.SPI_Cmd           stm32f4xx_spi.o
    0x080067f0   0x00000012   Code   RO         1303    i.SPI_I2S_GetFlagStatus  stm32f4xx_spi.o
    0x08006802   0x00000006   Code   RO         1306    i.SPI_I2S_ReceiveData  stm32f4xx_spi.o
    0x08006808   0x00000004   Code   RO         1307    i.SPI_I2S_SendData  stm32f4xx_spi.o
    0x0800680c   0x0000003c   Code   RO         1308    i.SPI_Init          stm32f4xx_spi.o
    0x08006848   0x00000002   Code   RO         3085    i.SVC_Handler       stm32f4xx_it.o
    0x0800684a   0x00000002   PAD
    0x0800684c   0x000000ec   Code   RO           13    i.SetSysClock       system_stm32f4xx.o
    0x08006938   0x00000068   Code   RO           15    i.SystemInit        system_stm32f4xx.o
    0x080069a0   0x0000003a   Code   RO         1517    i.TI1_Config        stm32f4xx_tim.o
    0x080069da   0x00000050   Code   RO         1518    i.TI2_Config        stm32f4xx_tim.o
    0x08006a2a   0x00000048   Code   RO         1519    i.TI3_Config        stm32f4xx_tim.o
    0x08006a72   0x00000050   Code   RO         1520    i.TI4_Config        stm32f4xx_tim.o
    0x08006ac2   0x00000002   PAD
    0x08006ac4   0x0000001c   Code   RO         3086    i.TIM1_CC_IRQHandler  stm32f4xx_it.o
    0x08006ae0   0x00000018   Code   RO         3087    i.TIM2_IRQHandler   stm32f4xx_it.o
    0x08006af8   0x00000064   Code   RO         3088    i.TIM3_IRQHandler   stm32f4xx_it.o
    0x08006b5c   0x000000e8   Code   RO         3089    i.TIM4_IRQHandler   stm32f4xx_it.o
    0x08006c44   0x00000018   Code   RO         1521    i.TIM_ARRPreloadConfig  stm32f4xx_tim.o
    0x08006c5c   0x00000006   Code   RO         1528    i.TIM_ClearITPendingBit  stm32f4xx_tim.o
    0x08006c62   0x00000018   Code   RO         1533    i.TIM_Cmd           stm32f4xx_tim.o
    0x08006c7a   0x00000006   Code   RO         1551    i.TIM_GetCapture4   stm32f4xx_tim.o
    0x08006c80   0x00000022   Code   RO         1554    i.TIM_GetITStatus   stm32f4xx_tim.o
    0x08006ca2   0x0000006e   Code   RO         1556    i.TIM_ICInit        stm32f4xx_tim.o
    0x08006d10   0x00000012   Code   RO         1558    i.TIM_ITConfig      stm32f4xx_tim.o
    0x08006d22   0x00000002   PAD
    0x08006d24   0x0000007c   Code   RO         1562    i.TIM_OC1Init       stm32f4xx_tim.o
    0x08006da0   0x00000012   Code   RO         1565    i.TIM_OC1PreloadConfig  stm32f4xx_tim.o
    0x08006db2   0x00000002   PAD
    0x08006db4   0x000000a4   Code   RO         1567    i.TIM_OC2Init       stm32f4xx_tim.o
    0x08006e58   0x000000a0   Code   RO         1572    i.TIM_OC3Init       stm32f4xx_tim.o
    0x08006ef8   0x00000078   Code   RO         1577    i.TIM_OC4Init       stm32f4xx_tim.o
    0x08006f70   0x00000004   Code   RO         1595    i.TIM_SetCompare1   stm32f4xx_tim.o
    0x08006f74   0x00000004   Code   RO         1596    i.TIM_SetCompare2   stm32f4xx_tim.o
    0x08006f78   0x00000004   Code   RO         1597    i.TIM_SetCompare3   stm32f4xx_tim.o
    0x08006f7c   0x00000004   Code   RO         1598    i.TIM_SetCompare4   stm32f4xx_tim.o
    0x08006f80   0x00000012   Code   RO         1600    i.TIM_SetIC1Prescaler  stm32f4xx_tim.o
    0x08006f92   0x0000001a   Code   RO         1601    i.TIM_SetIC2Prescaler  stm32f4xx_tim.o
    0x08006fac   0x00000012   Code   RO         1602    i.TIM_SetIC3Prescaler  stm32f4xx_tim.o
    0x08006fbe   0x0000001a   Code   RO         1603    i.TIM_SetIC4Prescaler  stm32f4xx_tim.o
    0x08006fd8   0x00000084   Code   RO         1605    i.TIM_TimeBaseInit  stm32f4xx_tim.o
    0x0800705c   0x00000260   Code   RO         3090    i.UART4_IRQHandler  stm32f4xx_it.o
    0x080072bc   0x00000130   Code   RO         3091    i.USART2_IRQHandler  stm32f4xx_it.o
    0x080073ec   0x00000118   Code   RO         3092    i.USART3_IRQHandler  stm32f4xx_it.o
    0x08007504   0x0000001e   Code   RO         2084    i.USART_ClearITPendingBit  stm32f4xx_usart.o
    0x08007522   0x00000018   Code   RO         2087    i.USART_Cmd         stm32f4xx_usart.o
    0x0800753a   0x00000012   Code   RO         2088    i.USART_DMACmd      stm32f4xx_usart.o
    0x0800754c   0x0000001a   Code   RO         2090    i.USART_GetFlagStatus  stm32f4xx_usart.o
    0x08007566   0x00000054   Code   RO         2091    i.USART_GetITStatus  stm32f4xx_usart.o
    0x080075ba   0x0000004a   Code   RO         2093    i.USART_ITConfig    stm32f4xx_usart.o
    0x08007604   0x000000d4   Code   RO         2094    i.USART_Init        stm32f4xx_usart.o
    0x080076d8   0x0000000a   Code   RO         2101    i.USART_ReceiveData  stm32f4xx_usart.o
    0x080076e2   0x00000008   Code   RO         2104    i.USART_SendData    stm32f4xx_usart.o
    0x080076ea   0x00000004   Code   RO         3093    i.UsageFault_Handler  stm32f4xx_it.o
    0x080076ee   0x00000002   PAD
    0x080076f0   0x00000020   Code   RO         6495    i.__0printf         mc_w.l(printfa.o)
    0x08007710   0x00000028   Code   RO         6497    i.__0sprintf        mc_w.l(printfa.o)
    0x08007738   0x0000000e   Code   RO         6565    i.__scatterload_copy  mc_w.l(handlers.o)
    0x08007746   0x00000002   Code   RO         6566    i.__scatterload_null  mc_w.l(handlers.o)
    0x08007748   0x0000000e   Code   RO         6567    i.__scatterload_zeroinit  mc_w.l(handlers.o)
    0x08007756   0x00000002   PAD
    0x08007758   0x00000164   Code   RO         6502    i._fp_digits        mc_w.l(printfa.o)
    0x080078bc   0x000006dc   Code   RO         6503    i._printf_core      mc_w.l(printfa.o)
    0x08007f98   0x00000024   Code   RO         6504    i._printf_post_padding  mc_w.l(printfa.o)
    0x08007fbc   0x0000002e   Code   RO         6505    i._printf_pre_padding  mc_w.l(printfa.o)
    0x08007fea   0x0000000a   Code   RO         6507    i._sputc            mc_w.l(printfa.o)
    0x08007ff4   0x0000046e   Code   RO         5576    i.appBlackBox       apppresent.o
    0x08008462   0x00000002   PAD
    0x08008464   0x000000cc   Code   RO         5577    i.appBuzzer         apppresent.o
    0x08008530   0x0000050c   Code   RO         5677    i.appCmdHander      appcommunicate.o
    0x08008a3c   0x000007fc   Code   RO         5622    i.appMainCycle      appcontroller.o
    0x08009238   0x00000012   Code   RO         5623    i.appPositionCtl    appcontroller.o
    0x0800924a   0x00000002   PAD
    0x0800924c   0x0000097c   Code   RO         5678    i.appSendBluetooth  appcommunicate.o
    0x08009bc8   0x000003f8   Code   RO         5533    i.appTaskStart      app.o
    0x08009fc0   0x0000002c   Code   RO         5534    i.appTest           app.o
    0x08009fec   0x000000b0   Code   RO         5535    i.appWatchDog       app.o
    0x0800a09c   0x00000028   Code   RO         3257    i.at25320_WRDI      at25320.o
    0x0800a0c4   0x00000028   Code   RO         3258    i.at25320_WREN      at25320.o
    0x0800a0ec   0x00000054   Code   RO         3259    i.at25320_readBuffer  at25320.o
    0x0800a140   0x00000038   Code   RO         3260    i.at25320_swapByte  at25320.o
    0x0800a178   0x00000054   Code   RO         3261    i.at25320_writeBuffer  at25320.o
    0x0800a1cc   0x0000007c   Code   RO         5823    i.check_fs          ff.o
    0x0800a248   0x00000014   Code   RO         5824    i.chk_chr           ff.o
    0x0800a25c   0x00000032   Code   RO         5825    i.clmt_clust        ff.o
    0x0800a28e   0x0000001a   Code   RO         5826    i.clust2sect        ff.o
    0x0800a2a8   0x0000002c   Code   RO         3332    i.cmdError          sdio_tf.o
    0x0800a2d4   0x00000038   Code   RO         3333    i.cmdResp2Error     sdio_tf.o
    0x0800a30c   0x00000038   Code   RO         3334    i.cmdResp3Error     sdio_tf.o
    0x0800a344   0x00000098   Code   RO         3335    i.cmdResp6Error     sdio_tf.o
    0x0800a3dc   0x0000004c   Code   RO         3336    i.cmdResp7Error     sdio_tf.o
    0x0800a428   0x00000070   Code   RO         3094    i.cmpWifiStr        stm32f4xx_it.o
    0x0800a498   0x00000020   Code   RO         5624    i.constrain_float   appcontroller.o
    0x0800a4b8   0x00000018   Code   RO         3226    i.crc32Calculate    crctable.o
    0x0800a4d0   0x000000e0   Code   RO         5827    i.create_chain      ff.o
    0x0800a5b0   0x00000118   Code   RO         5828    i.create_name       ff.o
    0x0800a6c8   0x00000060   Code   RO         5829    i.dir_alloc         ff.o
    0x0800a728   0x0000006c   Code   RO         5830    i.dir_find          ff.o
    0x0800a794   0x0000010c   Code   RO         5831    i.dir_next          ff.o
    0x0800a8a0   0x0000003c   Code   RO         5833    i.dir_register      ff.o
    0x0800a8dc   0x0000009a   Code   RO         5835    i.dir_sdi           ff.o
    0x0800a976   0x00000026   Code   RO         5772    i.disk_initialize   diskio.o
    0x0800a99c   0x00000074   Code   RO         5773    i.disk_ioctl        diskio.o
    0x0800aa10   0x00000084   Code   RO         5774    i.disk_read         diskio.o
    0x0800aa94   0x0000001c   Code   RO         5775    i.disk_status       diskio.o
    0x0800aab0   0x00000084   Code   RO         5776    i.disk_write        diskio.o
    0x0800ab34   0x00000022   Code   RO         5836    i.f_close           ff.o
    0x0800ab56   0x000002ac   Code   RO         5840    i.f_lseek           ff.o
    0x0800ae02   0x00000002   PAD
    0x0800ae04   0x0000005c   Code   RO         5842    i.f_mount           ff.o
    0x0800ae60   0x000001f2   Code   RO         5843    i.f_open            ff.o
    0x0800b052   0x000001ac   Code   RO         5848    i.f_read            ff.o
    0x0800b1fe   0x0000003e   Code   RO         5851    i.f_stat            ff.o
    0x0800b23c   0x000000a0   Code   RO         5852    i.f_sync            ff.o
    0x0800b2dc   0x000001ee   Code   RO         5855    i.f_write           ff.o
    0x0800b4ca   0x00000002   PAD
    0x0800b4cc   0x000002f8   Code   RO         5856    i.find_volume       ff.o
    0x0800b7c4   0x000000a2   Code   RO         5857    i.follow_path       ff.o
    0x0800b866   0x00000014   Code   RO         2739    i.fputc             bsp.o
    0x0800b87a   0x00000002   PAD
    0x0800b87c   0x00000054   Code   RO         2943    i.fun_createTaskSimple  function.o
    0x0800b8d0   0x0000001e   Code   RO         2944    i.fun_delayMs       function.o
    0x0800b8ee   0x00000002   PAD
    0x0800b8f0   0x00000044   Code   RO         2945    i.fun_delayUs       function.o
    0x0800b934   0x00000022   Code   RO         2946    i.fun_nvicSetNormal  function.o
    0x0800b956   0x00000032   Code   RO         2948    i.fun_spiSwap       function.o
    0x0800b988   0x0000001e   Code   RO         2950    i.fun_usartSend     function.o
    0x0800b9a6   0x00000094   Code   RO         5578    i.getFileNameFromNumber  apppresent.o
    0x0800ba3a   0x000000e0   Code   RO         5858    i.get_fat           ff.o
    0x0800bb1a   0x00000004   Code   RO         6161    i.get_fattime       ff_driver.o
    0x0800bb1e   0x0000008c   Code   RO         5859    i.get_fileinfo      ff.o
    0x0800bbaa   0x0000004a   Code   RO         5860    i.get_ldnumber      ff.o
    0x0800bbf4   0x00000026   Code   RO         5861    i.ld_clust          ff.o
    0x0800bc1a   0x00000018   Code   RO         5862    i.ld_dword          ff.o
    0x0800bc32   0x0000000c   Code   RO         5863    i.ld_word           ff.o
    0x0800bc3e   0x00000002   PAD
    0x0800bc40   0x00000064   Code   RO         3616    i.main              main.o
    0x0800bca4   0x00000024   Code   RO         5864    i.mem_cmp           ff.o
    0x0800bcc8   0x0000001a   Code   RO         5865    i.mem_cpy           ff.o
    0x0800bce2   0x00000012   Code   RO         5866    i.mem_set           ff.o
    0x0800bcf4   0x00000034   Code   RO         5867    i.move_window       ff.o
    0x0800bd28   0x00000138   Code   RO         5868    i.put_fat           ff.o
    0x0800be60   0x00000096   Code   RO         5872    i.remove_chain      ff.o
    0x0800bef6   0x00000002   PAD
    0x0800bef8   0x0000011c   Code   RO         3337    i.sdEnWideBus       sdio_tf.o
    0x0800c014   0x00000034   Code   RO         5625    i.setMotor          appcontroller.o
    0x0800c048   0x00000024   Code   RO         5873    i.st_clust          ff.o
    0x0800c06c   0x00000018   Code   RO         5874    i.st_dword          ff.o
    0x0800c084   0x0000000c   Code   RO         5875    i.st_word           ff.o
    0x0800c090   0x00000090   Code   RO         5876    i.sync_fs           ff.o
    0x0800c120   0x00000052   Code   RO         5877    i.sync_window       ff.o
    0x0800c172   0x0000001a   Code   RO         5681    i.usartSendStr      appcommunicate.o
    0x0800c18c   0x00000042   Code   RO         5878    i.validate          ff.o
    0x0800c1ce   0x00000019   Data   RO         3096    .constdata          stm32f4xx_it.o
    0x0800c1e7   0x00000001   PAD
    0x0800c1e8   0x00000094   Data   RO         4418    .constdata          os_cfg_app.o
    0x0800c27c   0x0000016c   Data   RO         4722    .constdata          os_dbg.o
    0x0800c3e8   0x00000062   Data   RO         5683    .constdata          appcommunicate.o
    0x0800c44a   0x00000002   PAD
    0x0800c44c   0x00000020   Data   RO         6563    Region$$Table       anon$$obj.o


    Execution Region RW_IRAM1 (Base: 0x20000000, Size: 0x000062f0, Max: 0x00020000, ABSOLUTE, COMPRESSED[0x000000d0])

    Base Addr    Size         Type   Attr      Idx    E Section Name        Object

    0x20000000   0x00000010   Data   RW          806    .data               stm32f4xx_rcc.o
    0x20000010   0x00000016   Data   RW         3097    .data               stm32f4xx_it.o
    0x20000026   0x00000002   PAD
    0x20000028   0x00000018   Data   RW         3339    .data               sdio_tf.o
    0x20000040   0x0000001c   Data   RW         3794    .data               cpu_core.o
    0x2000005c   0x00000004   Data   RW         4654    .data               os_cpu_c.o
    0x20000060   0x00000008   Data   RW         4992    .data               os_prio.o
    0x20000068   0x000000bc   Data   RW         5514    .data               os_var.o
    0x20000124   0x00000004   Data   RW         5537    .data               app.o
    0x20000128   0x00000001   Data   RW         5580    .data               apppresent.o
    0x20000129   0x00000003   PAD
    0x2000012c   0x00000188   Data   RW         5684    .data               appcommunicate.o
    0x200002b4   0x0000000a   Data   RW         5879    .data               ff.o
    0x200002be   0x00000002   PAD
    0x200002c0   0x00000004   Data   RW         6539    .data               mc_w.l(stdout.o)
    0x200002c4   0x00000128   Zero   RW         2740    .bss                bsp.o
    0x200003ec   0x0000000c   Zero   RW         3095    .bss                stm32f4xx_it.o
    0x200003f8   0x000000cc   Zero   RW         3338    .bss                sdio_tf.o
    0x200004c4   0x000004c0   Zero   RW         3617    .bss                main.o
    0x20000984   0x00000010   Zero   RW         3792    .bss                cpu_core.o
    0x20000994   0x00000f60   Zero   RW         4417    .bss                os_cfg_app.o
    0x200018f4   0x0000063c   Zero   RW         5513    .bss                os_var.o
    0x20001f30   0x00003e10   Zero   RW         5536    .bss                app.o
    0x20005d40   0x0000008a   Zero   RW         5579    .bss                apppresent.o
    0x20005dca   0x00000122   Zero   RW         5682    .bss                appcommunicate.o
    0x20005eec   0x00000004   PAD
    0x20005ef0   0x00000400   Zero   RW            1    STACK               startup_stm32f40_41xxx.o


==============================================================================

Image component sizes


      Code (inc. data)   RO Data    RW Data    ZI Data      Debug   Object Name

      1236        312          0          4      15888       5787   app.o
      3746        138         98        392        290       5175   appcommunicate.o
      2146         74          0          0          0       3333   appcontroller.o
      1486         74          0          1        138       6133   apppresent.o
       304         52          0          0          0       3217   at25320.o
      1774         94          0          0        296      64736   bsp.o
        52          0          0          0          0        284   cpu_a.o
       540         98          0         28         16       9108   cpu_core.o
        24          0          0          0          0        969   crctable.o
       446          4          0          0          0       4906   diskio.o
      6254         58          0         10          0      36612   ff.o
         4          0          0          0          0        478   ff_driver.o
       296         18          0          0          0       4177   function.o
       102          0          0          0          0      12752   lib_mem.o
       100         30          0          0       1216       1057   main.o
       140         24          0          0          0       1535   misc.o
         2          0        148          0       3936      18993   os_cfg_app.o
      2446        316          0          0          0      17695   os_core.o
       212         32          0          0          0        344   os_cpu_a.o
       640         56          0          4          0       6785   os_cpu_c.o
       424        278        364          0          0       4689   os_dbg.o
        24         10          0          0          0        826   os_flag.o
       424         26          0          0          0       3856   os_mem.o
       470         24          0          0          0       3357   os_msg.o
      1132         56          0          0          0       6294   os_mutex.o
       136         16          0          8          0       2790   os_prio.o
        24         10          0          0          0        831   os_q.o
       946         48          0          0          0       5427   os_sem.o
      1592        196          0          0          0       3975   os_stat.o
      3620        154          0          0          0      15588   os_task.o
      1162         88          0          0          0       5803   os_tick.o
       520         40          0          0          0       2705   os_time.o
       568        142          0          0          0       3477   os_tmr.o
         0          0          0        188       1596      17654   os_var.o
      5552        464          0         24        204      31329   sdio_tf.o
        36          8        392          0       1024        884   startup_stm32f40_41xxx.o
       836         12          0          0          0       3663   stm32f4xx_can.o
       738         72          0          0          0       6390   stm32f4xx_dma.o
        36         10          0          0          0       1140   stm32f4xx_exti.o
       214          0          0          0          0       1771   stm32f4xx_gpio.o
      1932        190         25         22         12      12660   stm32f4xx_it.o
       392         48          0         16          0       5833   stm32f4xx_rcc.o
       370         80          0          0          0      10586   stm32f4xx_sdio.o
       112          0          0          0          0       3494   stm32f4xx_spi.o
      1334         66          0          0          0      16451   stm32f4xx_tim.o
       486          8          0          0          0       6754   stm32f4xx_usart.o
       340         32          0          0          0     322589   system_stm32f4xx.o

    ----------------------------------------------------------------------
     45426       3458       1062        704      24620     704892   Object Totals
         0          0         32          0          0          0   (incl. Generated)
        56          0          3          7          4          0   (incl. Padding)

    ----------------------------------------------------------------------

      Code (inc. data)   RO Data    RW Data    ZI Data      Debug   Library Member Name

        86          0          0          0          0          0   __dczerorl2.o
         0          0          0          0          0          0   entry.o
         0          0          0          0          0          0   entry10a.o
         0          0          0          0          0          0   entry11a.o
         8          4          0          0          0          0   entry2.o
         4          0          0          0          0          0   entry5.o
         0          0          0          0          0          0   entry7b.o
         0          0          0          0          0          0   entry8b.o
         8          4          0          0          0          0   entry9a.o
        30          0          0          0          0          0   handlers.o
        36          8          0          0          0         68   init.o
         0          0          0          0          0          0   iusefp.o
        30          0          0          0          0         68   llshl.o
        36          0          0          0          0         68   llsshr.o
        32          0          0          0          0         68   llushr.o
      2276         96          0          0          0        596   printfa.o
         0          0          0          4          0          0   stdout.o
        44          0          0          0          0         80   uidiv.o
        98          0          0          0          0         92   uldiv.o
        48          0          0          0          0         68   cdrcmple.o
       334          0          0          0          0        148   dadd.o
       222          0          0          0          0        100   ddiv.o
       186          0          0          0          0        176   depilogue.o
        48          0          0          0          0         68   dfixul.o
       228          0          0          0          0         96   dmul.o
        38          0          0          0          0         68   f2d.o

    ----------------------------------------------------------------------
      3796        112          0          4          0       1764   Library Totals
         4          0          0          0          0          0   (incl. Padding)

    ----------------------------------------------------------------------

      Code (inc. data)   RO Data    RW Data    ZI Data      Debug   Library Name

      2688        112          0          4          0       1040   mc_w.l
      1104          0          0          0          0        724   mf_w.l

    ----------------------------------------------------------------------
      3796        112          0          4          0       1764   Library Totals

    ----------------------------------------------------------------------

==============================================================================


      Code (inc. data)   RO Data    RW Data    ZI Data      Debug   

     49222       3570       1062        708      24620     673456   Grand Totals
     49222       3570       1062        208      24620     673456   ELF Image Totals (compressed)
     49222       3570       1062        208          0          0   ROM Totals

==============================================================================

    Total RO  Size (Code + RO Data)                50284 (  49.11kB)
    Total RW  Size (RW Data + ZI Data)             25328 (  24.73kB)
    Total ROM Size (Code + RO Data + RW Data)      50492 (  49.31kB)

==============================================================================

